2025-12-22 06:16:00.930 | Status: Verbinde...
2025-12-22 06:16:00.930 | Open SSPComPort (COM4) failed
2025-12-22 06:16:00.937 | Thread gestartet
2025-12-22 06:16:00.941 | Status: Port nicht verfügbar
2025-12-22 06:16:01.963 | Open SSPComPort (COM4) failed
2025-12-22 06:16:02.989 | Open SSPComPort (COM4) failed
2025-12-22 06:16:04.014 | Open SSPComPort (COM4) failed
2025-12-22 06:16:04.863 | Enable vorgemerkt (wird nach Handshake ausgeführt)
2025-12-22 06:16:05.041 | Open SSPComPort (COM4) failed
2025-12-22 06:16:05.701 | Enable vorgemerkt (wird nach Handshake ausgeführt)
2025-12-22 06:16:05.710 | REQ Level 1 ct [plain]
2025-12-22 06:16:05.717 | REQ Level 2 ct [plain]
2025-12-22 06:16:05.725 | REQ Level 5 ct [plain]
2025-12-22 06:16:05.732 | REQ Level 10 ct [plain]
2025-12-22 06:16:05.738 | REQ Level 20 ct [plain]
2025-12-22 06:16:05.745 | REQ Level 50 ct [plain]
2025-12-22 06:16:05.751 | REQ Level 100 ct [plain]
2025-12-22 06:16:05.756 | REQ Level 200 ct [plain]
2025-12-22 06:16:06.128 | Open SSPComPort (COM4) failed
2025-12-22 06:16:07.141 | Open SSPComPort (COM4) failed
2025-12-22 06:16:07.798 | HardDisconnect init
2025-12-22 06:16:08.164 | Status: Getrennt
2025-12-22 06:16:08.174 | HardDisconnect done
2025-12-22 06:16:08.997 | Status: Verbinde...
2025-12-22 06:16:09.004 | Thread gestartet
2025-12-22 06:16:09.002 | Open SSPComPort (COM4) failed
2025-12-22 06:16:09.013 | Status: Port nicht verfügbar
2025-12-22 06:16:09.816 | Enable vorgemerkt (wird nach Handshake ausgeführt)
2025-12-22 06:16:10.034 | Open SSPComPort (COM4) failed
2025-12-22 06:16:11.053 | Open SSPComPort (COM4) failed
2025-12-22 06:16:12.072 | Open SSPComPort (COM4) failed
2025-12-22 06:16:13.089 | Open SSPComPort (COM4) failed
2025-12-22 06:16:13.810 | HardDisconnect init
2025-12-22 06:16:14.116 | Status: Getrennt
2025-12-22 06:16:14.126 | HardDisconnect done
2025-12-22 06:16:14.969 | Status: Verbinde...
2025-12-22 06:16:14.977 | Open SSPComPort (COM4) failed
2025-12-22 06:16:14.980 | Thread gestartet
2025-12-22 06:16:14.989 | Status: Port nicht verfügbar
2025-12-22 06:16:15.817 | Enable vorgemerkt (wird nach Handshake ausgeführt)
2025-12-22 06:16:16.022 | Open SSPComPort (COM4) failed
2025-12-22 06:16:17.052 | Open SSPComPort (COM4) failed
2025-12-22 06:16:18.078 | Open SSPComPort (COM4) failed
2025-12-22 06:16:19.101 | Open SSPComPort (COM4) failed
2025-12-22 06:16:19.850 | HardDisconnect init
2025-12-22 06:16:20.120 | Status: Getrennt
2025-12-22 06:16:20.130 | HardDisconnect done
2025-12-22 06:16:20.976 | Status: Verbinde...
2025-12-22 06:16:20.985 | Open SSPComPort (COM4) failed
2025-12-22 06:16:20.988 | Thread gestartet
2025-12-22 06:16:20.999 | Status: Port nicht verfügbar
2025-12-22 06:16:21.833 | Enable vorgemerkt (wird nach Handshake ausgeführt)
2025-12-22 06:16:22.035 | Open SSPComPort (COM4) failed
2025-12-22 06:16:23.059 | Open SSPComPort (COM4) failed
2025-12-22 06:16:24.088 | Open SSPComPort (COM4) failed
2025-12-22 06:16:25.124 | Open SSPComPort (COM4) failed
2025-12-22 06:16:25.855 | HardDisconnect init
2025-12-22 06:16:26.162 | Status: Getrennt
2025-12-22 06:16:26.173 | HardDisconnect done
2025-12-22 06:16:27.010 | Status: Verbinde...
2025-12-22 06:16:27.021 | Open SSPComPort (COM4) failed
2025-12-22 06:16:27.024 | Thread gestartet
2025-12-22 06:16:27.033 | Status: Port nicht verfügbar
2025-12-22 06:16:27.853 | Enable vorgemerkt (wird nach Handshake ausgeführt)
2025-12-22 06:16:28.070 | Open SSPComPort (COM4) failed
2025-12-22 06:16:29.081 | Open SSPComPort (COM4) failed
2025-12-22 06:16:30.097 | Open SSPComPort (COM4) failed
2025-12-22 06:16:31.124 | Open SSPComPort (COM4) failed
2025-12-22 06:16:31.872 | HardDisconnect init
2025-12-22 06:16:32.160 | Status: Getrennt
2025-12-22 06:16:32.170 | HardDisconnect done
2025-12-22 06:16:33.020 | Status: Verbinde...
2025-12-22 06:16:33.032 | Open SSPComPort (COM4) failed
2025-12-22 06:16:33.034 | Thread gestartet
2025-12-22 06:16:33.043 | Status: Port nicht verfügbar
2025-12-22 06:16:33.858 | Enable vorgemerkt (wird nach Handshake ausgeführt)
2025-12-22 06:16:34.077 | Open SSPComPort (COM4) failed
2025-12-22 06:16:35.105 | Open SSPComPort (COM4) failed
2025-12-22 06:16:36.140 | Open SSPComPort (COM4) failed
2025-12-22 06:16:37.165 | Open SSPComPort (COM4) failed
2025-12-22 06:16:37.911 | HardDisconnect init
2025-12-22 06:16:38.200 | Status: Getrennt
2025-12-22 06:16:38.214 | HardDisconnect done
2025-12-22 06:16:39.054 | Status: Verbinde...
2025-12-22 06:16:39.063 | Open SSPComPort (COM4) failed
2025-12-22 06:16:39.066 | Thread gestartet
2025-12-22 06:16:39.077 | Status: Port nicht verfügbar
2025-12-22 06:16:39.903 | Enable vorgemerkt (wird nach Handshake ausgeführt)
2025-12-22 06:16:40.108 | Open SSPComPort (COM4) failed
2025-12-22 06:16:41.131 | Open SSPComPort (COM4) failed
2025-12-22 06:16:41.287 | Disable vorgemerkt (wird nach Handshake ausgeführt)
2025-12-22 06:16:41.293 | HardDisconnect init
2025-12-22 06:16:42.163 | Status: Getrennt
2025-12-22 06:16:42.175 | HardDisconnect done
2025-12-22 06:16:42.292 | Status: konfig deaktiviert
2025-12-22 06:29:42.083 | Open SSPComPort (COM4) failed
2025-12-22 06:29:42.086 | Status: Verbinde...
2025-12-22 06:29:42.097 | Status: Port nicht verfügbar
2025-12-22 06:29:42.105 | Thread gestartet
2025-12-22 06:29:43.122 | Open SSPComPort (COM4) failed
2025-12-22 06:29:44.151 | Open SSPComPort (COM4) failed
2025-12-22 06:29:45.179 | Enable vorgemerkt (wird nach Handshake ausgeführt)
2025-12-22 06:29:45.192 | Open SSPComPort (COM4) failed
2025-12-22 06:29:45.935 | Enable vorgemerkt (wird nach Handshake ausgeführt)
2025-12-22 06:29:45.942 | REQ Level 1 ct [plain]
2025-12-22 06:29:45.949 | REQ Level 2 ct [plain]
2025-12-22 06:29:45.956 | REQ Level 5 ct [plain]
2025-12-22 06:29:45.962 | REQ Level 10 ct [plain]
2025-12-22 06:29:45.968 | REQ Level 20 ct [plain]
2025-12-22 06:29:45.974 | REQ Level 50 ct [plain]
2025-12-22 06:29:45.979 | REQ Level 100 ct [plain]
2025-12-22 06:29:45.985 | REQ Level 200 ct [plain]
2025-12-22 06:29:46.210 | Open SSPComPort (COM4) failed
2025-12-22 06:29:47.230 | Open SSPComPort (COM4) failed
2025-12-22 06:29:48.258 | Open SSPComPort (COM4) failed
2025-12-22 06:29:48.946 | HardDisconnect init
2025-12-22 06:29:49.289 | Status: Getrennt
2025-12-22 06:29:49.306 | HardDisconnect done
2025-12-22 06:29:50.147 | Status: Verbinde...
2025-12-22 06:29:50.159 | Open SSPComPort (COM4) failed
2025-12-22 06:29:50.161 | Thread gestartet
2025-12-22 06:29:50.171 | Status: Port nicht verfügbar
2025-12-22 06:29:50.994 | Enable vorgemerkt (wird nach Handshake ausgeführt)
2025-12-22 06:29:51.212 | Open SSPComPort (COM4) failed
2025-12-22 06:29:52.237 | Open SSPComPort (COM4) failed
2025-12-22 06:29:53.267 | Open SSPComPort (COM4) failed
2025-12-22 06:29:54.293 | Open SSPComPort (COM4) failed
2025-12-22 06:29:54.996 | HardDisconnect init
2025-12-22 06:29:55.329 | Status: Getrennt
2025-12-22 06:29:55.339 | HardDisconnect done
2025-12-22 06:29:56.189 | Status: Verbinde...
2025-12-22 06:29:56.199 | Thread gestartet
2025-12-22 06:29:56.197 | Open SSPComPort (COM4) failed
2025-12-22 06:29:56.215 | Status: Port nicht verfügbar
2025-12-22 06:29:57.015 | Enable vorgemerkt (wird nach Handshake ausgeführt)
2025-12-22 06:29:57.236 | Open SSPComPort (COM4) failed
2025-12-22 06:29:58.265 | Open SSPComPort (COM4) failed
2025-12-22 06:29:59.293 | Open SSPComPort (COM4) failed
2025-12-22 06:30:00.311 | Open SSPComPort (COM4) failed
2025-12-22 06:30:01.011 | HardDisconnect init
2025-12-22 06:30:01.346 | Status: Getrennt
2025-12-22 06:30:01.357 | HardDisconnect done
2025-12-22 06:30:02.200 | Status: Verbinde...
2025-12-22 06:30:02.212 | Open SSPComPort (COM4) failed
2025-12-22 06:30:02.216 | Thread gestartet
2025-12-22 06:30:02.225 | Status: Port nicht verfügbar
2025-12-22 06:30:03.047 | Enable vorgemerkt (wird nach Handshake ausgeführt)
2025-12-22 06:30:03.264 | Open SSPComPort (COM4) failed
2025-12-22 06:30:04.291 | Open SSPComPort (COM4) failed
2025-12-22 06:30:05.326 | Open SSPComPort (COM4) failed
2025-12-22 06:30:06.350 | Open SSPComPort (COM4) failed
2025-12-22 06:30:07.018 | HardDisconnect init
2025-12-22 06:30:07.388 | Status: Getrennt
2025-12-22 06:30:07.400 | HardDisconnect done
2025-12-22 06:30:08.242 | Status: Verbinde...
2025-12-22 06:30:08.252 | Open SSPComPort (COM4) failed
2025-12-22 06:30:08.256 | Thread gestartet
2025-12-22 06:30:08.265 | Status: Port nicht verfügbar
2025-12-22 06:30:09.079 | Enable vorgemerkt (wird nach Handshake ausgeführt)
2025-12-22 06:30:09.297 | Open SSPComPort (COM4) failed
2025-12-22 06:30:10.326 | Open SSPComPort (COM4) failed
2025-12-22 06:30:11.355 | Open SSPComPort (COM4) failed
2025-12-22 06:30:12.386 | Open SSPComPort (COM4) failed
2025-12-22 06:30:13.038 | HardDisconnect init
2025-12-22 06:30:13.418 | Status: Getrennt
2025-12-22 06:30:13.430 | HardDisconnect done
2025-12-22 06:30:14.272 | Status: Verbinde...
2025-12-22 06:30:14.279 | Open SSPComPort (COM4) failed
2025-12-22 06:30:14.283 | Thread gestartet
2025-12-22 06:30:14.291 | Status: Port nicht verfügbar
2025-12-22 06:30:15.117 | Enable vorgemerkt (wird nach Handshake ausgeführt)
2025-12-22 06:30:15.321 | Open SSPComPort (COM4) failed
2025-12-22 06:30:16.004 | Disable vorgemerkt (wird nach Handshake ausgeführt)
2025-12-22 06:30:16.014 | HardDisconnect init
2025-12-22 06:30:16.358 | Status: Getrennt
2025-12-22 06:30:16.371 | HardDisconnect done
2025-12-22 06:30:16.489 | Status: konfig deaktiviert
2025-12-22 06:39:13.186 | Status: Verbinde...
2025-12-22 06:39:13.192 | Thread gestartet
2025-12-22 06:39:13.186 | Open SSPComPort (COM4) failed
2025-12-22 06:39:13.201 | Status: Port nicht verfügbar
2025-12-22 06:39:14.013 | HardDisconnect init
2025-12-22 06:39:14.265 | Status: Getrennt
2025-12-22 06:39:14.272 | HardDisconnect done
2025-12-22 06:39:15.110 | Status: Verbinde...
2025-12-22 06:39:15.117 | Open SSPComPort (COM4) failed
2025-12-22 06:39:15.129 | Status: Port nicht verfügbar
2025-12-22 06:39:15.121 | Thread gestartet
2025-12-22 06:39:15.966 | Enable vorgemerkt (wird nach Handshake ausgeführt)
2025-12-22 06:39:16.152 | Open SSPComPort (COM4) failed
2025-12-22 06:39:16.580 | Enable vorgemerkt (wird nach Handshake ausgeführt)
2025-12-22 06:39:17.174 | Open SSPComPort (COM4) failed
2025-12-22 06:39:17.263 | Enable vorgemerkt (wird nach Handshake ausgeführt)
2025-12-22 06:39:17.271 | REQ Level 1 ct [plain]
2025-12-22 06:39:17.277 | REQ Level 2 ct [plain]
2025-12-22 06:39:17.285 | REQ Level 5 ct [plain]
2025-12-22 06:39:17.293 | REQ Level 10 ct [plain]
2025-12-22 06:39:17.300 | REQ Level 20 ct [plain]
2025-12-22 06:39:17.308 | REQ Level 50 ct [plain]
2025-12-22 06:39:17.316 | REQ Level 100 ct [plain]
2025-12-22 06:39:17.322 | REQ Level 200 ct [plain]
2025-12-22 06:39:18.189 | Open SSPComPort (COM4) failed
2025-12-22 06:39:19.217 | Open SSPComPort (COM4) failed
2025-12-22 06:39:20.048 | HardDisconnect init
2025-12-22 06:39:20.242 | Status: Getrennt
2025-12-22 06:39:20.255 | HardDisconnect done
2025-12-22 06:39:21.100 | Status: Verbinde...
2025-12-22 06:39:21.113 | Open SSPComPort (COM4) failed
2025-12-22 06:39:21.117 | Thread gestartet
2025-12-22 06:39:21.127 | Status: Port nicht verfügbar
2025-12-22 06:39:21.945 | Enable vorgemerkt (wird nach Handshake ausgeführt)
2025-12-22 06:39:22.165 | Open SSPComPort (COM4) failed
2025-12-22 06:39:23.193 | Open SSPComPort (COM4) failed
2025-12-22 06:39:24.226 | Open SSPComPort (COM4) failed
2025-12-22 06:39:25.250 | Open SSPComPort (COM4) failed
2025-12-22 06:39:26.092 | HardDisconnect init
2025-12-22 06:39:26.288 | Status: Getrennt
2025-12-22 06:39:26.301 | HardDisconnect done
2025-12-22 06:39:27.141 | Status: Verbinde...
2025-12-22 06:39:27.152 | Open SSPComPort (COM4) failed
2025-12-22 06:39:27.155 | Thread gestartet
2025-12-22 06:39:27.166 | Status: Port nicht verfügbar
2025-12-22 06:39:27.978 | Enable vorgemerkt (wird nach Handshake ausgeführt)
2025-12-22 06:39:28.199 | Open SSPComPort (COM4) failed
2025-12-22 06:39:29.233 | Open SSPComPort (COM4) failed
2025-12-22 06:39:30.264 | Open SSPComPort (COM4) failed
2025-12-22 06:39:31.296 | Open SSPComPort (COM4) failed
2025-12-22 06:39:32.105 | HardDisconnect init
2025-12-22 06:39:32.331 | Status: Getrennt
2025-12-22 06:39:32.343 | HardDisconnect done
2025-12-22 06:39:33.177 | Status: Verbinde...
2025-12-22 06:39:33.186 | Open SSPComPort (COM4) failed
2025-12-22 06:39:33.189 | Thread gestartet
2025-12-22 06:39:33.200 | Status: Port nicht verfügbar
2025-12-22 06:39:34.024 | Enable vorgemerkt (wird nach Handshake ausgeführt)
2025-12-22 06:39:34.243 | Open SSPComPort (COM4) failed
2025-12-22 06:39:35.273 | Open SSPComPort (COM4) failed
2025-12-22 06:39:36.301 | Open SSPComPort (COM4) failed
2025-12-22 06:39:37.326 | Open SSPComPort (COM4) failed
2025-12-22 06:39:38.132 | HardDisconnect init
2025-12-22 06:39:38.362 | Status: Getrennt
2025-12-22 06:39:38.375 | HardDisconnect done
2025-12-22 06:39:39.205 | Status: Verbinde...
2025-12-22 06:39:39.217 | Open SSPComPort (COM4) failed
2025-12-22 06:39:39.230 | Status: Port nicht verfügbar
2025-12-22 06:39:39.220 | Thread gestartet
2025-12-22 06:39:40.071 | Enable vorgemerkt (wird nach Handshake ausgeführt)
2025-12-22 06:39:40.261 | Open SSPComPort (COM4) failed
2025-12-22 06:39:41.291 | Open SSPComPort (COM4) failed
2025-12-22 06:39:42.323 | Open SSPComPort (COM4) failed
2025-12-22 06:39:43.361 | Open SSPComPort (COM4) failed
2025-12-22 06:39:44.184 | HardDisconnect init
2025-12-22 06:39:44.395 | Status: Getrennt
2025-12-22 06:39:44.407 | HardDisconnect done
2025-12-22 06:39:45.252 | Status: Verbinde...
2025-12-22 06:39:45.271 | Thread gestartet
2025-12-22 06:39:45.262 | Open SSPComPort (COM4) failed
2025-12-22 06:39:45.292 | Status: Port nicht verfügbar
2025-12-22 06:39:46.098 | Enable vorgemerkt (wird nach Handshake ausgeführt)
2025-12-22 06:39:46.320 | Open SSPComPort (COM4) failed
2025-12-22 06:39:47.348 | Open SSPComPort (COM4) failed
2025-12-22 06:39:48.376 | Open SSPComPort (COM4) failed
2025-12-22 06:39:49.405 | Open SSPComPort (COM4) failed
2025-12-22 06:39:50.212 | HardDisconnect init
2025-12-22 06:39:50.440 | Status: Getrennt
2025-12-22 06:39:50.451 | HardDisconnect done
2025-12-22 06:39:51.282 | Status: Verbinde...
2025-12-22 06:39:51.293 | Open SSPComPort (COM4) failed
2025-12-22 06:39:51.297 | Thread gestartet
2025-12-22 06:39:51.317 | Status: Port nicht verfügbar
2025-12-22 06:39:52.142 | Enable vorgemerkt (wird nach Handshake ausgeführt)
2025-12-22 06:39:52.361 | Open SSPComPort (COM4) failed
2025-12-22 06:39:53.391 | Open SSPComPort (COM4) failed
2025-12-22 06:39:54.408 | Open SSPComPort (COM4) failed
2025-12-22 06:39:55.434 | Open SSPComPort (COM4) failed
2025-12-22 06:39:56.227 | HardDisconnect init
2025-12-22 06:39:56.471 | Status: Getrennt
2025-12-22 06:39:56.482 | HardDisconnect done
2025-12-22 06:39:57.331 | Status: Verbinde...
2025-12-22 06:39:57.341 | Open SSPComPort (COM4) failed
2025-12-22 06:39:57.346 | Thread gestartet
2025-12-22 06:39:57.355 | Status: Port nicht verfügbar
2025-12-22 06:39:58.177 | Enable vorgemerkt (wird nach Handshake ausgeführt)
2025-12-22 06:39:58.398 | Open SSPComPort (COM4) failed
2025-12-22 06:39:59.422 | Open SSPComPort (COM4) failed
2025-12-22 06:40:00.454 | Open SSPComPort (COM4) failed
2025-12-22 06:40:01.482 | Open SSPComPort (COM4) failed
2025-12-22 06:40:02.244 | HardDisconnect init
2025-12-22 06:40:02.517 | Status: Getrennt
2025-12-22 06:40:02.529 | HardDisconnect done
2025-12-22 06:40:03.375 | Status: Verbinde...
2025-12-22 06:40:03.386 | Open SSPComPort (COM4) failed
2025-12-22 06:40:03.390 | Thread gestartet
2025-12-22 06:40:03.399 | Status: Port nicht verfügbar
2025-12-22 06:40:04.225 | Enable vorgemerkt (wird nach Handshake ausgeführt)
2025-12-22 06:40:04.446 | Open SSPComPort (COM4) failed
2025-12-22 06:40:05.476 | Open SSPComPort (COM4) failed
2025-12-22 06:40:06.500 | Open SSPComPort (COM4) failed
2025-12-22 06:40:07.529 | Open SSPComPort (COM4) failed
2025-12-22 06:40:08.257 | HardDisconnect init
2025-12-22 06:40:08.561 | Status: Getrennt
2025-12-22 06:40:08.572 | HardDisconnect done
2025-12-22 06:40:09.408 | Status: Verbinde...
2025-12-22 06:40:09.417 | Open SSPComPort (COM4) failed
2025-12-22 06:40:09.420 | Thread gestartet
2025-12-22 06:40:09.431 | Status: Port nicht verfügbar
2025-12-22 06:40:10.256 | Enable vorgemerkt (wird nach Handshake ausgeführt)
2025-12-22 06:40:10.477 | Open SSPComPort (COM4) failed
2025-12-22 06:40:11.503 | Open SSPComPort (COM4) failed
2025-12-22 06:40:12.523 | Open SSPComPort (COM4) failed
2025-12-22 06:40:13.542 | Open SSPComPort (COM4) failed
2025-12-22 06:40:14.565 | Open SSPComPort (COM4) failed
2025-12-22 06:40:15.590 | Open SSPComPort (COM4) failed
2025-12-22 06:40:16.617 | Open SSPComPort (COM4) failed
2025-12-22 06:40:17.637 | Open SSPComPort (COM4) failed
2025-12-22 06:40:18.669 | Open SSPComPort (COM4) failed
2025-12-22 06:40:19.695 | Open SSPComPort (COM4) failed
2025-12-22 06:40:20.728 | Open SSPComPort (COM4) failed
2025-12-22 06:40:21.754 | Open SSPComPort (COM4) failed
2025-12-22 06:40:22.772 | Open SSPComPort (COM4) failed
2025-12-22 06:40:23.799 | Open SSPComPort (COM4) failed
2025-12-22 06:40:24.826 | Open SSPComPort (COM4) failed
2025-12-22 06:40:25.858 | Open SSPComPort (COM4) failed
2025-12-22 06:40:26.875 | Open SSPComPort (COM4) failed
2025-12-22 06:40:27.901 | Open SSPComPort (COM4) failed
2025-12-22 06:40:28.932 | Open SSPComPort (COM4) failed
2025-12-22 06:40:29.960 | Open SSPComPort (COM4) failed
2025-12-22 06:40:30.990 | Open SSPComPort (COM4) failed
2025-12-22 06:40:32.018 | Open SSPComPort (COM4) failed
2025-12-22 06:40:33.037 | Open SSPComPort (COM4) failed
2025-12-22 06:40:34.054 | Open SSPComPort (COM4) failed
2025-12-22 06:40:35.081 | Open SSPComPort (COM4) failed
2025-12-22 06:40:35.367 | Disable vorgemerkt (wird nach Handshake ausgeführt)
2025-12-22 06:40:35.377 | HardDisconnect init
2025-12-22 06:40:36.120 | Status: Getrennt
2025-12-22 06:40:36.131 | HardDisconnect done
2025-12-22 06:40:36.251 | Status: konfig deaktiviert
2025-12-22 06:51:12.393 | Open SSPComPort (COM4) failed
2025-12-22 06:51:12.394 | Status: Verbinde...
2025-12-22 06:51:12.402 | Status: Port nicht verfügbar
2025-12-22 06:51:12.404 | Thread gestartet
2025-12-22 06:51:13.428 | Open SSPComPort (COM4) failed
2025-12-22 06:51:14.505 | Open SSPComPort (COM4) failed
2025-12-22 06:51:15.413 | Enable vorgemerkt (wird nach Handshake ausgeführt)
2025-12-22 06:51:15.549 | Open SSPComPort (COM4) failed
2025-12-22 06:51:16.177 | Enable vorgemerkt (wird nach Handshake ausgeführt)
2025-12-22 06:51:16.185 | REQ Level 1 ct [plain]
2025-12-22 06:51:16.193 | REQ Level 2 ct [plain]
2025-12-22 06:51:16.199 | REQ Level 5 ct [plain]
2025-12-22 06:51:16.205 | REQ Level 10 ct [plain]
2025-12-22 06:51:16.211 | REQ Level 20 ct [plain]
2025-12-22 06:51:16.217 | REQ Level 50 ct [plain]
2025-12-22 06:51:16.224 | REQ Level 100 ct [plain]
2025-12-22 06:51:16.229 | REQ Level 200 ct [plain]
2025-12-22 06:51:16.617 | Open SSPComPort (COM4) failed
2025-12-22 06:51:17.646 | Open SSPComPort (COM4) failed
2025-12-22 06:51:18.664 | Open SSPComPort (COM4) failed
2025-12-22 06:51:19.258 | HardDisconnect init
2025-12-22 06:51:19.700 | Status: Getrennt
2025-12-22 06:51:19.712 | HardDisconnect done
2025-12-22 06:51:20.557 | Status: Verbinde...
2025-12-22 06:51:20.567 | Open SSPComPort (COM4) failed
2025-12-22 06:51:20.571 | Thread gestartet
2025-12-22 06:51:20.581 | Status: Port nicht verfügbar
2025-12-22 06:51:21.404 | Enable vorgemerkt (wird nach Handshake ausgeführt)
2025-12-22 06:51:21.621 | Open SSPComPort (COM4) failed
2025-12-22 06:51:22.650 | Open SSPComPort (COM4) failed
2025-12-22 06:51:23.678 | Open SSPComPort (COM4) failed
2025-12-22 06:51:24.710 | Open SSPComPort (COM4) failed
2025-12-22 06:51:25.285 | HardDisconnect init
2025-12-22 06:51:25.745 | Status: Getrennt
2025-12-22 06:51:25.757 | HardDisconnect done
2025-12-22 06:51:26.598 | Status: Verbinde...
2025-12-22 06:51:26.607 | Open SSPComPort (COM4) failed
2025-12-22 06:51:26.623 | Status: Port nicht verfügbar
2025-12-22 06:51:26.612 | Thread gestartet
2025-12-22 06:51:27.445 | Enable vorgemerkt (wird nach Handshake ausgeführt)
2025-12-22 06:51:27.650 | Open SSPComPort (COM4) failed
2025-12-22 06:51:28.680 | Open SSPComPort (COM4) failed
2025-12-22 06:51:29.710 | Open SSPComPort (COM4) failed
2025-12-22 06:51:30.739 | Open SSPComPort (COM4) failed
2025-12-22 06:51:31.300 | HardDisconnect init
2025-12-22 06:51:31.779 | Status: Getrennt
2025-12-22 06:51:31.790 | HardDisconnect done
2025-12-22 06:51:32.639 | Status: Verbinde...
2025-12-22 06:51:32.649 | Open SSPComPort (COM4) failed
2025-12-22 06:51:32.652 | Thread gestartet
2025-12-22 06:51:32.664 | Status: Port nicht verfügbar
2025-12-22 06:51:33.475 | Enable vorgemerkt (wird nach Handshake ausgeführt)
2025-12-22 06:51:33.695 | Open SSPComPort (COM4) failed
2025-12-22 06:51:34.724 | Open SSPComPort (COM4) failed
2025-12-22 06:51:35.757 | Open SSPComPort (COM4) failed
2025-12-22 06:51:36.787 | Open SSPComPort (COM4) failed
2025-12-22 06:51:37.331 | HardDisconnect init
2025-12-22 06:51:37.824 | Status: Getrennt
2025-12-22 06:51:37.839 | HardDisconnect done
2025-12-22 06:51:38.683 | Status: Verbinde...
2025-12-22 06:51:38.693 | Open SSPComPort (COM4) failed
2025-12-22 06:51:38.696 | Thread gestartet
2025-12-22 06:51:38.706 | Status: Port nicht verfügbar
2025-12-22 06:51:39.527 | Enable vorgemerkt (wird nach Handshake ausgeführt)
2025-12-22 06:51:39.745 | Open SSPComPort (COM4) failed
2025-12-22 06:51:40.773 | Open SSPComPort (COM4) failed
2025-12-22 06:51:41.801 | Open SSPComPort (COM4) failed
2025-12-22 06:51:42.831 | Open SSPComPort (COM4) failed
2025-12-22 06:51:43.330 | HardDisconnect init
2025-12-22 06:51:43.866 | Status: Getrennt
2025-12-22 06:51:43.878 | HardDisconnect done
2025-12-22 06:51:44.719 | Status: Verbinde...
2025-12-22 06:51:44.731 | Thread gestartet
2025-12-22 06:51:44.728 | Open SSPComPort (COM4) failed
2025-12-22 06:51:44.752 | Status: Port nicht verfügbar
2025-12-22 06:51:45.551 | Enable vorgemerkt (wird nach Handshake ausgeführt)
2025-12-22 06:51:45.771 | Open SSPComPort (COM4) failed
2025-12-22 06:51:46.797 | Open SSPComPort (COM4) failed
2025-12-22 06:51:47.819 | Open SSPComPort (COM4) failed
2025-12-22 06:51:48.848 | Open SSPComPort (COM4) failed
2025-12-22 06:51:49.350 | HardDisconnect init
2025-12-22 06:51:49.874 | Status: Getrennt
2025-12-22 06:51:49.886 | HardDisconnect done
2025-12-22 06:51:50.726 | Status: Verbinde...
2025-12-22 06:51:50.735 | Open SSPComPort (COM4) failed
2025-12-22 06:51:50.748 | Status: Port nicht verfügbar
2025-12-22 06:51:50.739 | Thread gestartet
2025-12-22 06:51:51.576 | Enable vorgemerkt (wird nach Handshake ausgeführt)
2025-12-22 06:51:51.766 | Open SSPComPort (COM4) failed
2025-12-22 06:51:52.734 | Disable vorgemerkt (wird nach Handshake ausgeführt)
2025-12-22 06:51:52.744 | HardDisconnect init
2025-12-22 06:51:52.800 | Status: Getrennt
2025-12-22 06:51:52.811 | HardDisconnect done
2025-12-22 06:51:52.932 | Status: konfig deaktiviert
2025-12-22 06:57:54.724 | Status: Verbinde...
2025-12-22 06:57:54.725 | Open SSPComPort (COM4) failed
2025-12-22 06:57:54.732 | Thread gestartet
2025-12-22 06:57:54.741 | Status: Port nicht verfügbar
2025-12-22 06:57:55.767 | Open SSPComPort (COM4) failed
2025-12-22 06:57:56.842 | Open SSPComPort (COM4) failed
2025-12-22 06:57:57.879 | Open SSPComPort (COM4) failed
2025-12-22 06:57:58.907 | Open SSPComPort (COM4) failed
2025-12-22 06:57:59.923 | Open SSPComPort (COM4) failed
2025-12-22 06:58:00.942 | Open SSPComPort (COM4) failed
2025-12-22 06:58:01.598 | HardDisconnect init
2025-12-22 06:58:01.967 | Status: Getrennt
2025-12-22 06:58:01.977 | HardDisconnect done
2025-12-22 06:58:02.818 | Status: Verbinde...
2025-12-22 06:58:02.825 | Open SSPComPort (COM4) failed
2025-12-22 06:58:02.837 | Status: Port nicht verfügbar
2025-12-22 06:58:02.830 | Thread gestartet
2025-12-22 06:58:03.670 | Enable vorgemerkt (wird nach Handshake ausgeführt)
2025-12-22 06:58:03.858 | Open SSPComPort (COM4) failed
2025-12-22 06:58:04.889 | Open SSPComPort (COM4) failed
2025-12-22 06:58:05.916 | Open SSPComPort (COM4) failed
2025-12-22 06:58:06.940 | Open SSPComPort (COM4) failed
2025-12-22 06:58:07.638 | HardDisconnect init
2025-12-22 06:58:07.972 | Status: Getrennt
2025-12-22 06:58:07.982 | HardDisconnect done
2025-12-22 06:58:08.820 | Status: Verbinde...
2025-12-22 06:58:08.836 | Thread gestartet
2025-12-22 06:58:08.829 | Open SSPComPort (COM4) failed
2025-12-22 06:58:08.862 | Status: Port nicht verfügbar
2025-12-22 06:58:09.655 | Enable vorgemerkt (wird nach Handshake ausgeführt)
2025-12-22 06:58:09.888 | Open SSPComPort (COM4) failed
2025-12-22 06:58:10.914 | Open SSPComPort (COM4) failed
2025-12-22 06:58:11.935 | Open SSPComPort (COM4) failed
2025-12-22 06:58:12.958 | Open SSPComPort (COM4) failed
2025-12-22 06:58:13.653 | HardDisconnect init
2025-12-22 06:58:13.990 | Status: Getrennt
2025-12-22 06:58:14.002 | HardDisconnect done
2025-12-22 06:58:14.845 | Status: Verbinde...
2025-12-22 06:58:14.854 | Open SSPComPort (COM4) failed
2025-12-22 06:58:14.858 | Thread gestartet
2025-12-22 06:58:14.868 | Status: Port nicht verfügbar
2025-12-22 06:58:15.696 | Enable vorgemerkt (wird nach Handshake ausgeführt)
2025-12-22 06:58:15.899 | Open SSPComPort (COM4) failed
2025-12-22 06:58:16.929 | Open SSPComPort (COM4) failed
2025-12-22 06:58:17.972 | Open SSPComPort (COM4) failed
2025-12-22 06:58:19.000 | Open SSPComPort (COM4) failed
2025-12-22 06:58:19.681 | HardDisconnect init
2025-12-22 06:58:20.029 | Status: Getrennt
2025-12-22 06:58:20.042 | HardDisconnect done
2025-12-22 06:58:20.875 | Status: Verbinde...
2025-12-22 06:58:20.882 | Open SSPComPort (COM4) failed
2025-12-22 06:58:20.886 | Thread gestartet
2025-12-22 06:58:20.932 | Status: Port nicht verfügbar
2025-12-22 06:58:21.496 | Enable vorgemerkt (wird nach Handshake ausgeführt)
2025-12-22 06:58:21.506 | REQ Level 1 ct [plain]
2025-12-22 06:58:21.514 | REQ Level 2 ct [plain]
2025-12-22 06:58:21.526 | REQ Level 5 ct [plain]
2025-12-22 06:58:21.535 | REQ Level 10 ct [plain]
2025-12-22 06:58:21.543 | REQ Level 20 ct [plain]
2025-12-22 06:58:21.551 | REQ Level 50 ct [plain]
2025-12-22 06:58:21.558 | REQ Level 100 ct [plain]
2025-12-22 06:58:21.572 | REQ Level 200 ct [plain]
2025-12-22 06:58:21.774 | Enable vorgemerkt (wird nach Handshake ausgeführt)
2025-12-22 06:58:21.994 | Open SSPComPort (COM4) failed
2025-12-22 06:58:23.011 | Open SSPComPort (COM4) failed
2025-12-22 06:58:24.026 | Open SSPComPort (COM4) failed
2025-12-22 06:58:25.055 | Open SSPComPort (COM4) failed
2025-12-22 06:58:25.708 | HardDisconnect init
2025-12-22 06:58:26.091 | Status: Getrennt
2025-12-22 06:58:26.104 | HardDisconnect done
2025-12-22 06:58:26.944 | Status: Verbinde...
2025-12-22 06:58:26.954 | Open SSPComPort (COM4) failed
2025-12-22 06:58:26.958 | Thread gestartet
2025-12-22 06:58:26.968 | Status: Port nicht verfügbar
2025-12-22 06:58:27.791 | Enable vorgemerkt (wird nach Handshake ausgeführt)
2025-12-22 06:58:28.010 | Open SSPComPort (COM4) failed
2025-12-22 06:58:29.043 | Open SSPComPort (COM4) failed
2025-12-22 06:58:30.074 | Open SSPComPort (COM4) failed
2025-12-22 06:58:31.108 | Open SSPComPort (COM4) failed
2025-12-22 06:58:31.714 | HardDisconnect init
2025-12-22 06:58:32.146 | Status: Getrennt
2025-12-22 06:58:32.158 | HardDisconnect done
2025-12-22 06:58:32.999 | Status: Verbinde...
2025-12-22 06:58:33.008 | Open SSPComPort (COM4) failed
2025-12-22 06:58:33.022 | Status: Port nicht verfügbar
2025-12-22 06:58:33.011 | Thread gestartet
2025-12-22 06:58:33.849 | Enable vorgemerkt (wird nach Handshake ausgeführt)
2025-12-22 06:58:34.052 | Open SSPComPort (COM4) failed
2025-12-22 06:58:35.077 | Open SSPComPort (COM4) failed
2025-12-22 06:58:36.106 | Open SSPComPort (COM4) failed
2025-12-22 06:58:37.131 | Open SSPComPort (COM4) failed
2025-12-22 06:58:37.739 | HardDisconnect init
2025-12-22 06:58:38.167 | Status: Getrennt
2025-12-22 06:58:38.179 | HardDisconnect done
2025-12-22 06:58:39.005 | Status: Verbinde...
2025-12-22 06:58:39.019 | Open SSPComPort (COM4) failed
2025-12-22 06:58:39.030 | Status: Port nicht verfügbar
2025-12-22 06:58:39.021 | Thread gestartet
2025-12-22 06:58:39.868 | Enable vorgemerkt (wird nach Handshake ausgeführt)
2025-12-22 06:58:40.058 | Open SSPComPort (COM4) failed
2025-12-22 06:58:41.089 | Open SSPComPort (COM4) failed
2025-12-22 06:58:42.118 | Open SSPComPort (COM4) failed
2025-12-22 06:58:43.146 | Open SSPComPort (COM4) failed
2025-12-22 06:58:43.749 | HardDisconnect init
2025-12-22 06:58:44.180 | Status: Getrennt
2025-12-22 06:58:44.192 | HardDisconnect done
2025-12-22 06:58:45.049 | Status: Verbinde...
2025-12-22 06:58:45.058 | Open SSPComPort (COM4) failed
2025-12-22 06:58:45.095 | Status: Port nicht verfügbar
2025-12-22 06:58:45.062 | Thread gestartet
2025-12-22 06:58:45.924 | Enable vorgemerkt (wird nach Handshake ausgeführt)
2025-12-22 06:58:46.130 | Open SSPComPort (COM4) failed
2025-12-22 06:58:47.158 | Open SSPComPort (COM4) failed
2025-12-22 06:58:48.183 | Open SSPComPort (COM4) failed
2025-12-22 06:58:49.215 | Open SSPComPort (COM4) failed
2025-12-22 06:58:49.761 | HardDisconnect init
2025-12-22 06:58:50.252 | Status: Getrennt
2025-12-22 06:58:50.264 | HardDisconnect done
2025-12-22 06:58:51.108 | Status: Verbinde...
2025-12-22 06:58:51.120 | Open SSPComPort (COM4) failed
2025-12-22 06:58:51.124 | Thread gestartet
2025-12-22 06:58:51.135 | Status: Port nicht verfügbar
2025-12-22 06:58:51.962 | Enable vorgemerkt (wird nach Handshake ausgeführt)
2025-12-22 06:58:52.165 | Open SSPComPort (COM4) failed
2025-12-22 06:58:53.198 | Open SSPComPort (COM4) failed
2025-12-22 06:58:54.229 | Open SSPComPort (COM4) failed
2025-12-22 06:58:55.257 | Open SSPComPort (COM4) failed
2025-12-22 06:58:56.282 | Open SSPComPort (COM4) failed
2025-12-22 06:58:57.310 | Open SSPComPort (COM4) failed
2025-12-22 06:58:58.337 | Open SSPComPort (COM4) failed
2025-12-22 06:58:59.361 | Open SSPComPort (COM4) failed
2025-12-22 06:59:00.381 | Open SSPComPort (COM4) failed
2025-12-22 06:59:01.407 | Open SSPComPort (COM4) failed
2025-12-22 06:59:02.432 | Open SSPComPort (COM4) failed
2025-12-22 06:59:03.463 | Open SSPComPort (COM4) failed
2025-12-22 06:59:04.492 | Open SSPComPort (COM4) failed
2025-12-22 06:59:05.520 | Open SSPComPort (COM4) failed
2025-12-22 06:59:06.551 | Open SSPComPort (COM4) failed
2025-12-22 06:59:07.585 | Open SSPComPort (COM4) failed
2025-12-22 06:59:08.616 | Open SSPComPort (COM4) failed
2025-12-22 06:59:09.644 | Open SSPComPort (COM4) failed
2025-12-22 06:59:10.670 | Open SSPComPort (COM4) failed
2025-12-22 06:59:11.695 | Open SSPComPort (COM4) failed
2025-12-22 06:59:12.725 | Open SSPComPort (COM4) failed
2025-12-22 06:59:13.750 | Open SSPComPort (COM4) failed
2025-12-22 06:59:14.781 | Open SSPComPort (COM4) failed
2025-12-22 06:59:15.810 | Open SSPComPort (COM4) failed
2025-12-22 06:59:16.841 | Open SSPComPort (COM4) failed
2025-12-22 06:59:17.870 | Open SSPComPort (COM4) failed
2025-12-22 06:59:18.897 | Open SSPComPort (COM4) failed
2025-12-22 06:59:19.926 | Open SSPComPort (COM4) failed
2025-12-22 06:59:20.962 | Open SSPComPort (COM4) failed
2025-12-22 06:59:21.990 | Open SSPComPort (COM4) failed
2025-12-22 06:59:23.022 | Open SSPComPort (COM4) failed
2025-12-22 06:59:24.054 | Open SSPComPort (COM4) failed
2025-12-22 06:59:25.084 | Open SSPComPort (COM4) failed
2025-12-22 06:59:26.115 | Open SSPComPort (COM4) failed
2025-12-22 06:59:27.149 | Open SSPComPort (COM4) failed
2025-12-22 06:59:28.178 | Open SSPComPort (COM4) failed
2025-12-22 06:59:29.210 | Open SSPComPort (COM4) failed
2025-12-22 06:59:30.239 | Open SSPComPort (COM4) failed
2025-12-22 06:59:31.262 | Open SSPComPort (COM4) failed
2025-12-22 06:59:32.288 | Open SSPComPort (COM4) failed
2025-12-22 06:59:33.318 | Open SSPComPort (COM4) failed
2025-12-22 06:59:34.347 | Open SSPComPort (COM4) failed
2025-12-22 06:59:35.381 | Open SSPComPort (COM4) failed
2025-12-22 06:59:36.413 | Open SSPComPort (COM4) failed
2025-12-22 06:59:37.443 | Open SSPComPort (COM4) failed
2025-12-22 06:59:38.474 | Open SSPComPort (COM4) failed
2025-12-22 06:59:39.491 | Open SSPComPort (COM4) failed
2025-12-22 06:59:40.519 | Open SSPComPort (COM4) failed
2025-12-22 06:59:41.545 | Open SSPComPort (COM4) failed
2025-12-22 06:59:42.565 | Open SSPComPort (COM4) failed
2025-12-22 06:59:43.595 | Open SSPComPort (COM4) failed
2025-12-22 06:59:44.616 | Open SSPComPort (COM4) failed
2025-12-22 06:59:45.648 | Open SSPComPort (COM4) failed
2025-12-22 06:59:46.678 | Open SSPComPort (COM4) failed
2025-12-22 06:59:47.709 | Open SSPComPort (COM4) failed
2025-12-22 06:59:48.732 | Open SSPComPort (COM4) failed
2025-12-22 06:59:49.762 | Open SSPComPort (COM4) failed
2025-12-22 06:59:50.787 | Open SSPComPort (COM4) failed
2025-12-22 06:59:51.817 | Open SSPComPort (COM4) failed
2025-12-22 06:59:52.854 | Open SSPComPort (COM4) failed
2025-12-22 06:59:53.878 | Open SSPComPort (COM4) failed
2025-12-22 06:59:54.906 | Open SSPComPort (COM4) failed
2025-12-22 06:59:55.933 | Open SSPComPort (COM4) failed
2025-12-22 06:59:56.960 | Open SSPComPort (COM4) failed
2025-12-22 06:59:57.986 | Open SSPComPort (COM4) failed
2025-12-22 06:59:59.012 | Open SSPComPort (COM4) failed
2025-12-22 07:00:00.035 | Open SSPComPort (COM4) failed
2025-12-22 07:00:00.637 | Disable vorgemerkt (wird nach Handshake ausgeführt)
2025-12-22 07:00:00.649 | HardDisconnect init
2025-12-22 07:00:01.073 | Status: Getrennt
2025-12-22 07:00:01.085 | HardDisconnect done
2025-12-22 07:00:01.202 | Status: konfig deaktiviert
2025-12-22 07:08:00.156 | Open SSPComPort (COM4) failed
2025-12-22 07:08:00.157 | Status: Verbinde...
2025-12-22 07:08:00.169 | Thread gestartet
2025-12-22 07:08:00.165 | Status: Port nicht verfügbar
2025-12-22 07:08:01.198 | Open SSPComPort (COM4) failed
2025-12-22 07:08:02.242 | Open SSPComPort (COM4) failed
2025-12-22 07:08:03.276 | Open SSPComPort (COM4) failed
2025-12-22 07:08:04.086 | Enable vorgemerkt (wird nach Handshake ausgeführt)
2025-12-22 07:08:04.323 | Open SSPComPort (COM4) failed
2025-12-22 07:08:04.762 | Enable vorgemerkt (wird nach Handshake ausgeführt)
2025-12-22 07:08:04.772 | REQ Level 1 ct [plain]
2025-12-22 07:08:04.779 | REQ Level 2 ct [plain]
2025-12-22 07:08:04.788 | REQ Level 5 ct [plain]
2025-12-22 07:08:04.795 | REQ Level 10 ct [plain]
2025-12-22 07:08:04.802 | REQ Level 20 ct [plain]
2025-12-22 07:08:04.811 | REQ Level 50 ct [plain]
2025-12-22 07:08:04.818 | REQ Level 100 ct [plain]
2025-12-22 07:08:04.825 | REQ Level 200 ct [plain]
2025-12-22 07:08:05.347 | Open SSPComPort (COM4) failed
2025-12-22 07:08:06.441 | Open SSPComPort (COM4) failed
2025-12-22 07:08:07.021 | HardDisconnect init
2025-12-22 07:08:07.482 | Status: Getrennt
2025-12-22 07:08:07.492 | HardDisconnect done
2025-12-22 07:08:08.339 | Status: Verbinde...
2025-12-22 07:08:08.352 | Open SSPComPort (COM4) failed
2025-12-22 07:08:08.355 | Thread gestartet
2025-12-22 07:08:08.365 | Status: Port nicht verfügbar
2025-12-22 07:08:09.190 | Enable vorgemerkt (wird nach Handshake ausgeführt)
2025-12-22 07:08:09.393 | Open SSPComPort (COM4) failed
2025-12-22 07:08:10.417 | Open SSPComPort (COM4) failed
2025-12-22 07:08:11.445 | Open SSPComPort (COM4) failed
2025-12-22 07:08:12.472 | Open SSPComPort (COM4) failed
2025-12-22 07:08:13.034 | HardDisconnect init
2025-12-22 07:08:13.514 | Status: Getrennt
2025-12-22 07:08:13.537 | HardDisconnect done
2025-12-22 07:08:14.384 | Status: Verbinde...
2025-12-22 07:08:14.396 | Open SSPComPort (COM4) failed
2025-12-22 07:08:14.399 | Thread gestartet
2025-12-22 07:08:14.409 | Status: Port nicht verfügbar
2025-12-22 07:08:15.224 | Enable vorgemerkt (wird nach Handshake ausgeführt)
2025-12-22 07:08:15.442 | Open SSPComPort (COM4) failed
2025-12-22 07:08:16.472 | Open SSPComPort (COM4) failed
2025-12-22 07:08:17.500 | Open SSPComPort (COM4) failed
2025-12-22 07:08:18.524 | Open SSPComPort (COM4) failed
2025-12-22 07:08:19.052 | HardDisconnect init
2025-12-22 07:08:19.561 | Status: Getrennt
2025-12-22 07:08:19.573 | HardDisconnect done
2025-12-22 07:08:20.418 | Status: Verbinde...
2025-12-22 07:08:20.427 | Open SSPComPort (COM4) failed
2025-12-22 07:08:20.430 | Thread gestartet
2025-12-22 07:08:20.440 | Status: Port nicht verfügbar
2025-12-22 07:08:21.253 | Enable vorgemerkt (wird nach Handshake ausgeführt)
2025-12-22 07:08:21.474 | Open SSPComPort (COM4) failed
2025-12-22 07:08:22.500 | Open SSPComPort (COM4) failed
2025-12-22 07:08:23.532 | Open SSPComPort (COM4) failed
2025-12-22 07:08:24.557 | Open SSPComPort (COM4) failed
2025-12-22 07:08:25.066 | HardDisconnect init
2025-12-22 07:08:25.593 | Status: Getrennt
2025-12-22 07:08:25.604 | HardDisconnect done
2025-12-22 07:08:26.448 | Status: Verbinde...
2025-12-22 07:08:26.457 | Open SSPComPort (COM4) failed
2025-12-22 07:08:26.461 | Thread gestartet
2025-12-22 07:08:26.472 | Status: Port nicht verfügbar
2025-12-22 07:08:27.285 | Enable vorgemerkt (wird nach Handshake ausgeführt)
2025-12-22 07:08:27.507 | Open SSPComPort (COM4) failed
2025-12-22 07:08:28.532 | Open SSPComPort (COM4) failed
2025-12-22 07:08:29.562 | Open SSPComPort (COM4) failed
2025-12-22 07:08:30.599 | Open SSPComPort (COM4) failed
2025-12-22 07:08:31.081 | HardDisconnect init
2025-12-22 07:08:31.639 | Status: Getrennt
2025-12-22 07:08:31.652 | HardDisconnect done
2025-12-22 07:08:32.494 | Status: Verbinde...
2025-12-22 07:08:32.504 | Open SSPComPort (COM4) failed
2025-12-22 07:08:32.518 | Status: Port nicht verfügbar
2025-12-22 07:08:32.507 | Thread gestartet
2025-12-22 07:08:33.344 | Enable vorgemerkt (wird nach Handshake ausgeführt)
2025-12-22 07:08:33.547 | Open SSPComPort (COM4) failed
2025-12-22 07:08:34.583 | Open SSPComPort (COM4) failed
2025-12-22 07:08:35.610 | Open SSPComPort (COM4) failed
2025-12-22 07:08:36.635 | Open SSPComPort (COM4) failed
2025-12-22 07:08:37.118 | HardDisconnect init
2025-12-22 07:08:37.671 | Status: Getrennt
2025-12-22 07:08:37.683 | HardDisconnect done
2025-12-22 07:08:38.517 | Status: Verbinde...
2025-12-22 07:08:38.523 | Open SSPComPort (COM4) failed
2025-12-22 07:08:38.525 | Thread gestartet
2025-12-22 07:08:38.531 | Status: Port nicht verfügbar
2025-12-22 07:08:39.356 | Enable vorgemerkt (wird nach Handshake ausgeführt)
2025-12-22 07:08:39.561 | Open SSPComPort (COM4) failed
2025-12-22 07:08:40.582 | Open SSPComPort (COM4) failed
2025-12-22 07:08:41.607 | Open SSPComPort (COM4) failed
2025-12-22 07:08:42.641 | Open SSPComPort (COM4) failed
2025-12-22 07:08:43.126 | HardDisconnect init
2025-12-22 07:08:43.662 | Status: Getrennt
2025-12-22 07:08:43.673 | HardDisconnect done
2025-12-22 07:08:44.506 | Status: Verbinde...
2025-12-22 07:08:44.519 | Open SSPComPort (COM4) failed
2025-12-22 07:08:44.522 | Thread gestartet
2025-12-22 07:08:44.532 | Status: Port nicht verfügbar
2025-12-22 07:08:45.352 | Enable vorgemerkt (wird nach Handshake ausgeführt)
2025-12-22 07:08:45.572 | Open SSPComPort (COM4) failed
2025-12-22 07:08:46.601 | Open SSPComPort (COM4) failed
2025-12-22 07:08:47.629 | Open SSPComPort (COM4) failed
2025-12-22 07:08:48.685 | Open SSPComPort (COM4) failed
2025-12-22 07:08:48.811 | Disable vorgemerkt (wird nach Handshake ausgeführt)
2025-12-22 07:08:48.823 | HardDisconnect init
2025-12-22 07:08:49.750 | Status: Getrennt
2025-12-22 07:08:49.763 | HardDisconnect done
2025-12-22 07:08:49.880 | Status: konfig deaktiviert
