2025-12-22 06:16:00.919 | [Coin2] INI SmartCoin/2: Typ='V1', ComPort='', SSPAddress='16'
2025-12-22 06:16:00.944 | [Coin2] Connect() auf Gerät 2 initiiert.
2025-12-22 06:16:00.949 | [Coin2] Watchdog gestartet





------------------------------------ START -------------------------------------
2025-12-22 06:16:00.951 | Programmstart
2025-12-22 06:16:01.062 | NV200/2 verbunden auf COM5
2025-12-22 06:16:01.794 | Login-Form angezeigt
2025-12-22 06:16:04.773 | NFC-Login erkannt: Token='1234', PID=1
2025-12-22 06:16:04.847 | Login OK: Manuel Priwitzer (PID=1), Schicht 122012, Admin=False, Personalguthaben: 0,00 €
2025-12-22 06:16:04.847 | __________________________________________________________________________
2025-12-22 06:16:04.854 | Bestand (kombiniert) |
-- NV200/1 --
Coins: 1c=?,2c=?,5c=?,10c=?,20c=?,50c=?,1€=?,2€=?
Payout: 5€=0,10€=0,20€=0,50€=0,100€=0,200€=0,500€=0
Cashbox: 5€=0,10€=0,20€=0,50€=0,100€=0,200€=0,500€=0
Summe NV200/1: 0,00 €
-- NV200/2 --
Coins: 1c=?,2c=?,5c=?,10c=?,20c=?,50c=?,1€=?,2€=?
Payout: 5€=0,10€=0,20€=0,50€=0,100€=0,200€=0,500€=0
Cashbox: 5€=2,10€=5,20€=7,50€=0,100€=0,200€=0,500€=0
Summe NV200/2: 200,00 €
Summe Gesamt: 200,00 €
2025-12-22 06:16:04.855 | Baseline gesetzt: 200,00 € (Anmeldung Manuel Priwitzer)
2025-12-22 06:16:08.286 | [Coin2] Auto-Reconnect: HardDisconnect
2025-12-22 06:16:09.009 | [Coin2] Auto-Reconnect: Connect
2025-12-22 06:16:09.827 | [Coin2] Auto-Reconnect: Enable
2025-12-22 06:16:14.249 | [Coin2] Auto-Reconnect: HardDisconnect
2025-12-22 06:16:14.995 | [Coin2] Auto-Reconnect: Connect
2025-12-22 06:16:15.822 | [Coin2] Auto-Reconnect: Enable
2025-12-22 06:16:20.250 | [Coin2] Auto-Reconnect: HardDisconnect
2025-12-22 06:16:21.008 | [Coin2] Auto-Reconnect: Connect
2025-12-22 06:16:21.843 | [Coin2] Auto-Reconnect: Enable
2025-12-22 06:16:26.291 | [Coin2] Auto-Reconnect: HardDisconnect
2025-12-22 06:16:27.041 | [Coin2] Auto-Reconnect: Connect
2025-12-22 06:16:27.861 | [Coin2] Auto-Reconnect: Enable
2025-12-22 06:16:32.291 | [Coin2] Auto-Reconnect: HardDisconnect
2025-12-22 06:16:33.052 | [Coin2] Auto-Reconnect: Connect
2025-12-22 06:16:33.868 | [Coin2] Auto-Reconnect: Enable
2025-12-22 06:16:38.329 | [Coin2] Auto-Reconnect: HardDisconnect
2025-12-22 06:16:39.089 | [Coin2] Auto-Reconnect: Connect
2025-12-22 06:16:39.914 | [Coin2] Auto-Reconnect: Enable
2025-12-22 06:16:42.303 | [Coin2] Durch Konfiguration deaktiviert (Watchdog/Reconnect gestoppt)
2025-12-22 06:16:42.303 | Verzögerter Shutdown gestartet – Geräte werden geschlossen...
2025-12-22 06:16:43.158 | CoinManager heruntergefahren
2025-12-22 06:16:43.159 | Coin2Manager heruntergefahren
2025-12-22 06:16:43.820 | [INFO] Port geschlossen
2025-12-22 06:16:43.820 | Geräte getrennt – Warte 5 Sekunden vor Prozessende...
2025-12-22 06:16:48.837 | Beenden jetzt.





------------------------------------- END --------------------------------------
2025-12-22 06:16:48.840 | Logger Shutdown gestartet: DelayedShutdown
2025-12-22 06:29:42.069 | [Coin2] INI SmartCoin/2: Typ='V1', ComPort='', SSPAddress='16'
2025-12-22 06:29:42.120 | [Coin2] Connect() auf Gerät 2 initiiert.
2025-12-22 06:29:42.123 | [Coin2] Watchdog gestartet





------------------------------------ START -------------------------------------
2025-12-22 06:29:42.126 | Programmstart
2025-12-22 06:29:42.226 | NV200/2 verbunden auf COM5
2025-12-22 06:29:42.735 | Login-Form angezeigt
2025-12-22 06:29:45.125 | NFC-Login erkannt: Token='1234', PID=1
2025-12-22 06:29:45.160 | Login OK: Manuel Priwitzer (PID=1), Schicht 122012, Admin=False, Personalguthaben: 0,00 €
2025-12-22 06:29:45.160 | __________________________________________________________________________
2025-12-22 06:29:45.166 | Bestand (kombiniert) |
-- NV200/1 --
Coins: 1c=?,2c=?,5c=?,10c=?,20c=?,50c=?,1€=?,2€=?
Payout: 5€=0,10€=0,20€=0,50€=0,100€=0,200€=0,500€=0
Cashbox: 5€=0,10€=0,20€=0,50€=0,100€=0,200€=0,500€=0
Summe NV200/1: 0,00 €
-- NV200/2 --
Coins: 1c=?,2c=?,5c=?,10c=?,20c=?,50c=?,1€=?,2€=?
Payout: 5€=0,10€=0,20€=0,50€=0,100€=0,200€=0,500€=0
Cashbox: 5€=2,10€=5,20€=7,50€=0,100€=0,200€=0,500€=0
Summe NV200/2: 200,00 €
Summe Gesamt: 200,00 €
2025-12-22 06:29:45.166 | Baseline gesetzt: 200,00 € (Anmeldung Manuel Priwitzer)
2025-12-22 06:29:49.426 | [Coin2] Auto-Reconnect: HardDisconnect
2025-12-22 06:29:50.180 | [Coin2] Auto-Reconnect: Connect
2025-12-22 06:29:51.006 | [Coin2] Auto-Reconnect: Enable
2025-12-22 06:29:55.463 | [Coin2] Auto-Reconnect: HardDisconnect
2025-12-22 06:29:56.206 | [Coin2] Auto-Reconnect: Connect
2025-12-22 06:29:57.025 | [Coin2] Auto-Reconnect: Enable
2025-12-22 06:30:01.475 | [Coin2] Auto-Reconnect: HardDisconnect
2025-12-22 06:30:02.233 | [Coin2] Auto-Reconnect: Connect
2025-12-22 06:30:03.058 | [Coin2] Auto-Reconnect: Enable
2025-12-22 06:30:07.517 | [Coin2] Auto-Reconnect: HardDisconnect
2025-12-22 06:30:08.273 | [Coin2] Auto-Reconnect: Connect
2025-12-22 06:30:09.091 | [Coin2] Auto-Reconnect: Enable
2025-12-22 06:30:13.545 | [Coin2] Auto-Reconnect: HardDisconnect
2025-12-22 06:30:14.299 | [Coin2] Auto-Reconnect: Connect
2025-12-22 06:30:15.129 | [Coin2] Auto-Reconnect: Enable
2025-12-22 06:30:16.500 | [Coin2] Durch Konfiguration deaktiviert (Watchdog/Reconnect gestoppt)
2025-12-22 06:30:16.500 | Verzögerter Shutdown gestartet – Geräte werden geschlossen...
2025-12-22 06:30:17.144 | CoinManager heruntergefahren
2025-12-22 06:30:17.145 | Coin2Manager heruntergefahren
2025-12-22 06:30:17.784 | [INFO] Port geschlossen
2025-12-22 06:30:17.784 | Geräte getrennt – Warte 5 Sekunden vor Prozessende...
2025-12-22 06:30:22.803 | Beenden jetzt.





------------------------------------- END --------------------------------------
2025-12-22 06:30:22.806 | Logger Shutdown gestartet: DelayedShutdown
2025-12-22 06:39:13.173 | [Coin2] INI SmartCoin/2: Typ='V1', ComPort='', SSPAddress='16'
2025-12-22 06:39:13.196 | [Coin2] Connect() auf Gerät 2 initiiert.
2025-12-22 06:39:13.198 | [Coin2] Watchdog gestartet





------------------------------------ START -------------------------------------
2025-12-22 06:39:13.200 | Programmstart
2025-12-22 06:39:13.338 | NV200/2 verbunden auf COM5
2025-12-22 06:39:13.828 | Login-Form angezeigt
2025-12-22 06:39:14.387 | [Coin2] Auto-Reconnect: HardDisconnect
2025-12-22 06:39:15.149 | [Coin2] Auto-Reconnect: Connect
2025-12-22 06:39:15.976 | [Coin2] Auto-Reconnect: Enable
2025-12-22 06:39:16.535 | NFC-Login erkannt: Token='1234', PID=1
2025-12-22 06:39:16.562 | Login OK: Manuel Priwitzer (PID=1), Schicht 122012, Admin=False, Personalguthaben: 0,00 €
2025-12-22 06:39:16.562 | __________________________________________________________________________
2025-12-22 06:39:16.568 | Bestand (kombiniert) |
-- NV200/1 --
Coins: 1c=?,2c=?,5c=?,10c=?,20c=?,50c=?,1€=?,2€=?
Payout: 5€=0,10€=0,20€=0,50€=0,100€=0,200€=0,500€=0
Cashbox: 5€=0,10€=0,20€=0,50€=0,100€=0,200€=0,500€=0
Summe NV200/1: 0,00 €
-- NV200/2 --
Coins: 1c=?,2c=?,5c=?,10c=?,20c=?,50c=?,1€=?,2€=?
Payout: 5€=0,10€=0,20€=0,50€=0,100€=0,200€=0,500€=0
Cashbox: 5€=2,10€=5,20€=7,50€=0,100€=0,200€=0,500€=0
Summe NV200/2: 200,00 €
Summe Gesamt: 200,00 €
2025-12-22 06:39:16.569 | Baseline gesetzt: 200,00 € (Anmeldung Manuel Priwitzer)
2025-12-22 06:39:20.373 | [Coin2] Auto-Reconnect: HardDisconnect
2025-12-22 06:39:21.137 | [Coin2] Auto-Reconnect: Connect
2025-12-22 06:39:21.957 | [Coin2] Auto-Reconnect: Enable
2025-12-22 06:39:26.415 | [Coin2] Auto-Reconnect: HardDisconnect
2025-12-22 06:39:27.175 | [Coin2] Auto-Reconnect: Connect
2025-12-22 06:39:27.990 | [Coin2] Auto-Reconnect: Enable
2025-12-22 06:39:32.460 | [Coin2] Auto-Reconnect: HardDisconnect
2025-12-22 06:39:33.210 | [Coin2] Auto-Reconnect: Connect
2025-12-22 06:39:34.034 | [Coin2] Auto-Reconnect: Enable
2025-12-22 06:39:38.495 | [Coin2] Auto-Reconnect: HardDisconnect
2025-12-22 06:39:39.251 | [Coin2] Auto-Reconnect: Connect
2025-12-22 06:39:40.082 | [Coin2] Auto-Reconnect: Enable
2025-12-22 06:39:44.525 | [Coin2] Auto-Reconnect: HardDisconnect
2025-12-22 06:39:45.280 | [Coin2] Auto-Reconnect: Connect
2025-12-22 06:39:46.110 | [Coin2] Auto-Reconnect: Enable
2025-12-22 06:39:50.568 | [Coin2] Auto-Reconnect: HardDisconnect
2025-12-22 06:39:51.326 | [Coin2] Auto-Reconnect: Connect
2025-12-22 06:39:52.154 | [Coin2] Auto-Reconnect: Enable
2025-12-22 06:39:56.600 | [Coin2] Auto-Reconnect: HardDisconnect
2025-12-22 06:39:57.364 | [Coin2] Auto-Reconnect: Connect
2025-12-22 06:39:58.189 | [Coin2] Auto-Reconnect: Enable
2025-12-22 06:40:02.647 | [Coin2] Auto-Reconnect: HardDisconnect
2025-12-22 06:40:03.411 | [Coin2] Auto-Reconnect: Connect
2025-12-22 06:40:04.236 | [Coin2] Auto-Reconnect: Enable
2025-12-22 06:40:08.689 | [Coin2] Auto-Reconnect: HardDisconnect
2025-12-22 06:40:09.440 | [Coin2] Auto-Reconnect: Connect
2025-12-22 06:40:10.267 | [Coin2] Auto-Reconnect: Enable
2025-12-22 06:40:36.262 | [Coin2] Durch Konfiguration deaktiviert (Watchdog/Reconnect gestoppt)
2025-12-22 06:40:36.262 | Verzögerter Shutdown gestartet – Geräte werden geschlossen...
2025-12-22 06:40:36.667 | CoinManager heruntergefahren
2025-12-22 06:40:36.668 | Coin2Manager heruntergefahren
2025-12-22 06:40:37.321 | [INFO] Port geschlossen
2025-12-22 06:40:37.321 | Geräte getrennt – Warte 5 Sekunden vor Prozessende...
2025-12-22 06:40:42.341 | Beenden jetzt.





------------------------------------- END --------------------------------------
2025-12-22 06:40:42.344 | Logger Shutdown gestartet: DelayedShutdown
2025-12-22 06:51:12.380 | [Coin2] INI SmartCoin/2: Typ='V1', ComPort='', SSPAddress='16'
2025-12-22 06:51:12.414 | [Coin2] Connect() auf Gerät 2 initiiert.
2025-12-22 06:51:12.416 | [Coin2] Watchdog gestartet





------------------------------------ START -------------------------------------
2025-12-22 06:51:12.418 | Programmstart
2025-12-22 06:51:12.495 | NV200/2 verbunden auf COM5
2025-12-22 06:51:13.079 | Login-Form angezeigt
2025-12-22 06:51:15.376 | NFC-Login erkannt: Token='1234', PID=1
2025-12-22 06:51:15.401 | Login OK: Manuel Priwitzer (PID=1), Schicht 122012, Admin=False, Personalguthaben: 0,00 €
2025-12-22 06:51:15.401 | __________________________________________________________________________
2025-12-22 06:51:15.405 | Bestand (kombiniert) |
-- NV200/1 --
Coins: 1c=?,2c=?,5c=?,10c=?,20c=?,50c=?,1€=?,2€=?
Payout: 5€=0,10€=0,20€=0,50€=0,100€=0,200€=0,500€=0
Cashbox: 5€=0,10€=0,20€=0,50€=0,100€=0,200€=0,500€=0
Summe NV200/1: 0,00 €
-- NV200/2 --
Coins: 1c=?,2c=?,5c=?,10c=?,20c=?,50c=?,1€=?,2€=?
Payout: 5€=0,10€=0,20€=0,50€=0,100€=0,200€=0,500€=0
Cashbox: 5€=2,10€=5,20€=7,50€=0,100€=0,200€=0,500€=0
Summe NV200/2: 200,00 €
Summe Gesamt: 200,00 €
2025-12-22 06:51:15.406 | Baseline gesetzt: 200,00 € (Anmeldung Manuel Priwitzer)
2025-12-22 06:51:19.829 | [Coin2] Auto-Reconnect: HardDisconnect
2025-12-22 06:51:20.590 | [Coin2] Auto-Reconnect: Connect
2025-12-22 06:51:21.415 | [Coin2] Auto-Reconnect: Enable
2025-12-22 06:51:25.874 | [Coin2] Auto-Reconnect: HardDisconnect
2025-12-22 06:51:26.643 | [Coin2] Auto-Reconnect: Connect
2025-12-22 06:51:27.456 | [Coin2] Auto-Reconnect: Enable
2025-12-22 06:51:31.910 | [Coin2] Auto-Reconnect: HardDisconnect
2025-12-22 06:51:32.672 | [Coin2] Auto-Reconnect: Connect
2025-12-22 06:51:33.488 | [Coin2] Auto-Reconnect: Enable
2025-12-22 06:51:37.954 | [Coin2] Auto-Reconnect: HardDisconnect
2025-12-22 06:51:38.717 | [Coin2] Auto-Reconnect: Connect
2025-12-22 06:51:39.537 | [Coin2] Auto-Reconnect: Enable
2025-12-22 06:51:43.993 | [Coin2] Auto-Reconnect: HardDisconnect
2025-12-22 06:51:44.742 | [Coin2] Auto-Reconnect: Connect
2025-12-22 06:51:45.562 | [Coin2] Auto-Reconnect: Enable
2025-12-22 06:51:50.004 | [Coin2] Auto-Reconnect: HardDisconnect
2025-12-22 06:51:50.766 | [Coin2] Auto-Reconnect: Connect
2025-12-22 06:51:51.585 | [Coin2] Auto-Reconnect: Enable
2025-12-22 06:51:52.944 | [Coin2] Durch Konfiguration deaktiviert (Watchdog/Reconnect gestoppt)
2025-12-22 06:51:52.944 | Verzögerter Shutdown gestartet – Geräte werden geschlossen...
2025-12-22 06:51:53.769 | CoinManager heruntergefahren
2025-12-22 06:51:53.770 | Coin2Manager heruntergefahren
2025-12-22 06:51:54.441 | [INFO] Port geschlossen
2025-12-22 06:51:54.441 | Geräte getrennt – Warte 5 Sekunden vor Prozessende...
2025-12-22 06:51:59.453 | Beenden jetzt.





------------------------------------- END --------------------------------------
2025-12-22 06:51:59.455 | Logger Shutdown gestartet: DelayedShutdown
2025-12-22 06:57:54.704 | [Coin2] INI SmartCoin/2: Typ='V1', ComPort='', SSPAddress='16'
2025-12-22 06:57:54.747 | [Coin2] Connect() auf Gerät 2 initiiert.
2025-12-22 06:57:54.750 | [Coin2] Watchdog gestartet





------------------------------------ START -------------------------------------
2025-12-22 06:57:54.755 | Programmstart
2025-12-22 06:57:54.858 | NV200/2 verbunden auf COM5
2025-12-22 06:57:55.482 | Login-Form angezeigt
2025-12-22 06:58:02.099 | [Coin2] Auto-Reconnect: HardDisconnect
2025-12-22 06:58:02.857 | [Coin2] Auto-Reconnect: Connect
2025-12-22 06:58:03.682 | [Coin2] Auto-Reconnect: Enable
2025-12-22 06:58:08.104 | [Coin2] Auto-Reconnect: HardDisconnect
2025-12-22 06:58:08.846 | [Coin2] Auto-Reconnect: Connect
2025-12-22 06:58:09.667 | [Coin2] Auto-Reconnect: Enable
2025-12-22 06:58:14.119 | [Coin2] Auto-Reconnect: HardDisconnect
2025-12-22 06:58:14.878 | [Coin2] Auto-Reconnect: Connect
2025-12-22 06:58:15.706 | [Coin2] Auto-Reconnect: Enable
2025-12-22 06:58:17.316 | NFC-Token unbekannt (gekürzt)
2025-12-22 06:58:20.160 | [Coin2] Auto-Reconnect: HardDisconnect
2025-12-22 06:58:20.637 | NFC-Login erkannt: Token='1234', PID=1
2025-12-22 06:58:20.663 | Login OK: Manuel Priwitzer (PID=1), Schicht 122012, Admin=False, Personalguthaben: 0,00 €
2025-12-22 06:58:20.663 | __________________________________________________________________________
2025-12-22 06:58:20.667 | Bestand (kombiniert) |
-- NV200/1 --
Coins: 1c=?,2c=?,5c=?,10c=?,20c=?,50c=?,1€=?,2€=?
Payout: 5€=0,10€=0,20€=0,50€=0,100€=0,200€=0,500€=0
Cashbox: 5€=0,10€=0,20€=0,50€=0,100€=0,200€=0,500€=0
Summe NV200/1: 0,00 €
-- NV200/2 --
Coins: 1c=?,2c=?,5c=?,10c=?,20c=?,50c=?,1€=?,2€=?
Payout: 5€=0,10€=0,20€=0,50€=0,100€=0,200€=0,500€=0
Cashbox: 5€=2,10€=5,20€=7,50€=0,100€=0,200€=0,500€=0
Summe NV200/2: 200,00 €
Summe Gesamt: 200,00 €
2025-12-22 06:58:20.667 | Baseline gesetzt: 200,00 € (Anmeldung Manuel Priwitzer)
2025-12-22 06:58:20.959 | [Coin2] Auto-Reconnect: Connect
2025-12-22 06:58:21.782 | [Coin2] Auto-Reconnect: Enable
2025-12-22 06:58:26.221 | [Coin2] Auto-Reconnect: HardDisconnect
2025-12-22 06:58:26.978 | [Coin2] Auto-Reconnect: Connect
2025-12-22 06:58:27.801 | [Coin2] Auto-Reconnect: Enable
2025-12-22 06:58:32.274 | [Coin2] Auto-Reconnect: HardDisconnect
2025-12-22 06:58:33.043 | [Coin2] Auto-Reconnect: Connect
2025-12-22 06:58:33.861 | [Coin2] Auto-Reconnect: Enable
2025-12-22 06:58:38.295 | [Coin2] Auto-Reconnect: HardDisconnect
2025-12-22 06:58:39.058 | [Coin2] Auto-Reconnect: Connect
2025-12-22 06:58:39.880 | [Coin2] Auto-Reconnect: Enable
2025-12-22 06:58:44.322 | [Coin2] Auto-Reconnect: HardDisconnect
2025-12-22 06:58:45.117 | [Coin2] Auto-Reconnect: Connect
2025-12-22 06:58:45.936 | [Coin2] Auto-Reconnect: Enable
2025-12-22 06:58:50.382 | [Coin2] Auto-Reconnect: HardDisconnect
2025-12-22 06:58:51.145 | [Coin2] Auto-Reconnect: Connect
2025-12-22 06:58:51.974 | [Coin2] Auto-Reconnect: Enable
2025-12-22 07:00:01.215 | [Coin2] Durch Konfiguration deaktiviert (Watchdog/Reconnect gestoppt)
2025-12-22 07:00:01.215 | Verzögerter Shutdown gestartet – Geräte werden geschlossen...
2025-12-22 07:00:01.414 | CoinManager heruntergefahren
2025-12-22 07:00:01.414 | Coin2Manager heruntergefahren
2025-12-22 07:00:02.072 | [INFO] Port geschlossen
2025-12-22 07:00:02.072 | Geräte getrennt – Warte 5 Sekunden vor Prozessende...
2025-12-22 07:00:07.089 | Beenden jetzt.





------------------------------------- END --------------------------------------
2025-12-22 07:00:07.092 | Logger Shutdown gestartet: DelayedShutdown
2025-12-22 07:08:00.112 | [Coin2] INI SmartCoin/2: Typ='V1', ComPort='', SSPAddress='16'
2025-12-22 07:08:00.174 | [Coin2] Connect() auf Gerät 2 initiiert.
2025-12-22 07:08:00.177 | [Coin2] Watchdog gestartet





------------------------------------ START -------------------------------------
2025-12-22 07:08:00.179 | Programmstart
2025-12-22 07:08:00.270 | NV200/2 verbunden auf COM5
2025-12-22 07:08:00.882 | Login-Form angezeigt
2025-12-22 07:08:04.049 | NFC-Login erkannt: Token='1234', PID=1
2025-12-22 07:08:04.076 | Login OK: Manuel Priwitzer (PID=1), Schicht 122012, Admin=False, Personalguthaben: 0,00 €
2025-12-22 07:08:04.076 | __________________________________________________________________________
2025-12-22 07:08:04.079 | Bestand (kombiniert) |
-- NV200/1 --
Coins: 1c=?,2c=?,5c=?,10c=?,20c=?,50c=?,1€=?,2€=?
Payout: 5€=0,10€=0,20€=0,50€=0,100€=0,200€=0,500€=0
Cashbox: 5€=0,10€=0,20€=0,50€=0,100€=0,200€=0,500€=0
Summe NV200/1: 0,00 €
-- NV200/2 --
Coins: 1c=?,2c=?,5c=?,10c=?,20c=?,50c=?,1€=?,2€=?
Payout: 5€=0,10€=0,20€=0,50€=0,100€=0,200€=0,500€=0
Cashbox: 5€=2,10€=5,20€=7,50€=0,100€=0,200€=0,500€=0
Summe NV200/2: 200,00 €
Summe Gesamt: 200,00 €
2025-12-22 07:08:04.079 | Baseline gesetzt: 200,00 € (Anmeldung Manuel Priwitzer)
2025-12-22 07:08:07.612 | [Coin2] Auto-Reconnect: HardDisconnect
2025-12-22 07:08:08.373 | [Coin2] Auto-Reconnect: Connect
2025-12-22 07:08:09.203 | [Coin2] Auto-Reconnect: Enable
2025-12-22 07:08:13.659 | [Coin2] Auto-Reconnect: HardDisconnect
2025-12-22 07:08:14.418 | [Coin2] Auto-Reconnect: Connect
2025-12-22 07:08:15.236 | [Coin2] Auto-Reconnect: Enable
2025-12-22 07:08:19.689 | [Coin2] Auto-Reconnect: HardDisconnect
2025-12-22 07:08:20.449 | [Coin2] Auto-Reconnect: Connect
2025-12-22 07:08:21.264 | [Coin2] Auto-Reconnect: Enable
2025-12-22 07:08:25.722 | [Coin2] Auto-Reconnect: HardDisconnect
2025-12-22 07:08:26.480 | [Coin2] Auto-Reconnect: Connect
2025-12-22 07:08:27.293 | [Coin2] Auto-Reconnect: Enable
2025-12-22 07:08:31.769 | [Coin2] Auto-Reconnect: HardDisconnect
2025-12-22 07:08:32.537 | [Coin2] Auto-Reconnect: Connect
2025-12-22 07:08:33.357 | [Coin2] Auto-Reconnect: Enable
2025-12-22 07:08:37.797 | [Coin2] Auto-Reconnect: HardDisconnect
2025-12-22 07:08:38.538 | [Coin2] Auto-Reconnect: Connect
2025-12-22 07:08:39.367 | [Coin2] Auto-Reconnect: Enable
2025-12-22 07:08:43.793 | [Coin2] Auto-Reconnect: HardDisconnect
2025-12-22 07:08:44.541 | [Coin2] Auto-Reconnect: Connect
2025-12-22 07:08:45.365 | [Coin2] Auto-Reconnect: Enable
2025-12-22 07:08:49.892 | [Coin2] Durch Konfiguration deaktiviert (Watchdog/Reconnect gestoppt)
2025-12-22 07:08:49.893 | Verzögerter Shutdown gestartet – Geräte werden geschlossen...
2025-12-22 07:08:50.627 | CoinManager heruntergefahren
2025-12-22 07:08:50.628 | Coin2Manager heruntergefahren
2025-12-22 07:08:51.285 | [INFO] Port geschlossen
2025-12-22 07:08:51.285 | Geräte getrennt – Warte 5 Sekunden vor Prozessende...
2025-12-22 07:08:56.300 | Beenden jetzt.





------------------------------------- END --------------------------------------
2025-12-22 07:08:56.303 | Logger Shutdown gestartet: DelayedShutdown
2025-12-22 07:12:41.708 | [Coin2] INI SmartCoin/2: Typ='V1', ComPort='', SSPAddress='16'
2025-12-22 07:12:41.744 | [Coin2] Connect() auf Gerät 2 initiiert.
2025-12-22 07:12:41.746 | [Coin2] Watchdog gestartet





------------------------------------ START -------------------------------------
2025-12-22 07:12:41.749 | Programmstart
2025-12-22 07:12:41.897 | NV200/2 verbunden auf COM5
2025-12-22 07:12:42.450 | Login-Form angezeigt
2025-12-22 07:12:45.496 | NFC-Login erkannt: Token='1234', PID=1
2025-12-22 07:12:45.519 | Login OK: Manuel Priwitzer (PID=1), Schicht 122012, Admin=False, Personalguthaben: 0,00 €
2025-12-22 07:12:45.519 | __________________________________________________________________________
2025-12-22 07:12:45.522 | Bestand (kombiniert) |
-- NV200/1 --
Coins: 1c=?,2c=?,5c=?,10c=?,20c=?,50c=?,1€=?,2€=?
Payout: 5€=0,10€=0,20€=0,50€=0,100€=0,200€=0,500€=0
Cashbox: 5€=0,10€=0,20€=0,50€=0,100€=0,200€=0,500€=0
Summe NV200/1: 0,00 €
-- NV200/2 --
Coins: 1c=?,2c=?,5c=?,10c=?,20c=?,50c=?,1€=?,2€=?
Payout: 5€=0,10€=0,20€=0,50€=0,100€=0,200€=0,500€=0
Cashbox: 5€=2,10€=5,20€=7,50€=0,100€=0,200€=0,500€=0
Summe NV200/2: 200,00 €
Summe Gesamt: 200,00 €
2025-12-22 07:12:45.522 | Baseline gesetzt: 200,00 € (Anmeldung Manuel Priwitzer)
2025-12-22 07:12:49.047 | [Coin2] Auto-Reconnect: HardDisconnect
2025-12-22 07:12:49.801 | [Coin2] Auto-Reconnect: Connect
2025-12-22 07:12:50.632 | [Coin2] Auto-Reconnect: Enable
2025-12-22 07:12:55.053 | [Coin2] Auto-Reconnect: HardDisconnect
2025-12-22 07:12:55.815 | [Coin2] Auto-Reconnect: Connect
2025-12-22 07:12:56.642 | [Coin2] Auto-Reconnect: Enable
2025-12-22 07:13:01.080 | [Coin2] Auto-Reconnect: HardDisconnect
2025-12-22 07:13:01.839 | [Coin2] Auto-Reconnect: Connect
2025-12-22 07:13:02.682 | [Coin2] Auto-Reconnect: Enable
2025-12-22 07:13:07.113 | [Coin2] Auto-Reconnect: HardDisconnect
2025-12-22 07:13:07.871 | [Coin2] Auto-Reconnect: Connect
2025-12-22 07:13:09.038 | [Coin2] Durch Konfiguration deaktiviert (Watchdog/Reconnect gestoppt)
2025-12-22 07:13:09.038 | Verzögerter Shutdown gestartet – Geräte werden geschlossen...
2025-12-22 07:13:09.583 | CoinManager heruntergefahren
2025-12-22 07:13:09.584 | Coin2Manager heruntergefahren
2025-12-22 07:13:10.228 | [INFO] Port geschlossen
2025-12-22 07:13:10.228 | Geräte getrennt – Warte 5 Sekunden vor Prozessende...
2025-12-22 07:13:15.247 | Beenden jetzt.





------------------------------------- END --------------------------------------
2025-12-22 07:13:15.250 | Logger Shutdown gestartet: DelayedShutdown
2025-12-22 07:20:31.167 | [Coin2] INI SmartCoin/2: Typ='V1', ComPort='', SSPAddress='16'
2025-12-22 07:20:31.253 | [Coin2] Connect() auf Gerät 2 initiiert.
2025-12-22 07:20:31.260 | [Coin2] Watchdog gestartet





------------------------------------ START -------------------------------------
2025-12-22 07:20:31.262 | Programmstart
2025-12-22 07:20:31.349 | NV200/2 verbunden auf COM5
2025-12-22 07:20:32.162 | Login-Form angezeigt
2025-12-22 07:20:38.542 | [Coin2] Auto-Reconnect: HardDisconnect
2025-12-22 07:20:39.292 | [Coin2] Auto-Reconnect: Connect
2025-12-22 07:20:40.121 | [Coin2] Auto-Reconnect: Enable
2025-12-22 07:20:43.164 | NFC-Login erkannt: Token='1234', PID=1
2025-12-22 07:20:43.191 | Login OK: Manuel Priwitzer (PID=1), Schicht 122012, Admin=False, Personalguthaben: 0,00 €
2025-12-22 07:20:43.191 | __________________________________________________________________________
2025-12-22 07:20:43.195 | Bestand (kombiniert) |
-- NV200/1 --
Coins: 1c=?,2c=?,5c=?,10c=?,20c=?,50c=?,1€=?,2€=?
Payout: 5€=0,10€=0,20€=0,50€=0,100€=0,200€=0,500€=0
Cashbox: 5€=0,10€=0,20€=0,50€=0,100€=0,200€=0,500€=0
Summe NV200/1: 0,00 €
-- NV200/2 --
Coins: 1c=?,2c=?,5c=?,10c=?,20c=?,50c=?,1€=?,2€=?
Payout: 5€=0,10€=0,20€=0,50€=0,100€=0,200€=0,500€=0
Cashbox: 5€=2,10€=5,20€=7,50€=0,100€=0,200€=0,500€=0
Summe NV200/2: 200,00 €
Summe Gesamt: 200,00 €
2025-12-22 07:20:43.195 | Baseline gesetzt: 200,00 € (Anmeldung Manuel Priwitzer)
2025-12-22 07:20:44.593 | [Coin2] Auto-Reconnect: HardDisconnect
2025-12-22 07:20:45.354 | [Coin2] Auto-Reconnect: Connect
2025-12-22 07:20:46.170 | [Coin2] Auto-Reconnect: Enable
2025-12-22 07:20:50.615 | [Coin2] Auto-Reconnect: HardDisconnect
2025-12-22 07:20:51.382 | [Coin2] Auto-Reconnect: Connect
2025-12-22 07:20:52.206 | [Coin2] Auto-Reconnect: Enable
2025-12-22 07:20:56.663 | [Coin2] Auto-Reconnect: HardDisconnect
2025-12-22 07:20:57.421 | [Coin2] Auto-Reconnect: Connect
2025-12-22 07:20:58.235 | [Coin2] Auto-Reconnect: Enable
2025-12-22 07:21:02.684 | [Coin2] Auto-Reconnect: HardDisconnect
2025-12-22 07:21:03.445 | [Coin2] Auto-Reconnect: Connect
2025-12-22 07:21:04.273 | [Coin2] Auto-Reconnect: Enable
2025-12-22 07:21:08.721 | [Coin2] Auto-Reconnect: HardDisconnect
2025-12-22 07:21:09.474 | [Coin2] Auto-Reconnect: Connect
2025-12-22 07:21:10.304 | [Coin2] Auto-Reconnect: Enable
2025-12-22 07:21:14.749 | [Coin2] Auto-Reconnect: HardDisconnect
2025-12-22 07:21:15.507 | [Coin2] Auto-Reconnect: Connect
2025-12-22 07:21:16.337 | [Coin2] Auto-Reconnect: Enable
2025-12-22 07:21:20.772 | [Coin2] Auto-Reconnect: HardDisconnect
2025-12-22 07:21:21.528 | [Coin2] Auto-Reconnect: Connect
2025-12-22 07:21:22.357 | [Coin2] Auto-Reconnect: Enable
2025-12-22 07:21:26.804 | [Coin2] Auto-Reconnect: HardDisconnect
2025-12-22 07:21:27.560 | [Coin2] Auto-Reconnect: Connect
2025-12-22 07:21:28.387 | [Coin2] Auto-Reconnect: Enable
2025-12-22 07:22:10.901 | [Coin2] Durch Konfiguration deaktiviert (Watchdog/Reconnect gestoppt)
2025-12-22 07:22:10.901 | Verzögerter Shutdown gestartet – Geräte werden geschlossen...
2025-12-22 07:22:11.134 | CoinManager heruntergefahren
2025-12-22 07:22:11.136 | Coin2Manager heruntergefahren
2025-12-22 07:22:11.793 | [INFO] Port geschlossen
2025-12-22 07:22:11.793 | Geräte getrennt – Warte 5 Sekunden vor Prozessende...
2025-12-22 07:22:16.808 | Beenden jetzt.





------------------------------------- END --------------------------------------
2025-12-22 07:22:16.811 | Logger Shutdown gestartet: DelayedShutdown
2025-12-22 07:25:58.419 | [Coin2] INI SmartCoin/2: Typ='V1', ComPort='', SSPAddress='16'
2025-12-22 07:25:58.459 | [Coin2] Connect() auf Gerät 2 initiiert.
2025-12-22 07:25:58.461 | [Coin2] Watchdog gestartet





------------------------------------ START -------------------------------------
2025-12-22 07:25:58.464 | Programmstart
2025-12-22 07:25:58.545 | NV200/2 verbunden auf COM5
2025-12-22 07:25:59.356 | Login-Form angezeigt
2025-12-22 07:26:04.677 | NFC-Login erkannt: Token='1234', PID=1
2025-12-22 07:26:04.705 | Login OK: Manuel Priwitzer (PID=1), Schicht 122012, Admin=False, Personalguthaben: 0,00 €
2025-12-22 07:26:04.705 | __________________________________________________________________________
2025-12-22 07:26:04.708 | Bestand (kombiniert) |
-- NV200/1 --
Coins: 1c=?,2c=?,5c=?,10c=?,20c=?,50c=?,1€=?,2€=?
Payout: 5€=0,10€=0,20€=0,50€=0,100€=0,200€=0,500€=0
Cashbox: 5€=0,10€=0,20€=0,50€=0,100€=0,200€=0,500€=0
Summe NV200/1: 0,00 €
-- NV200/2 --
Coins: 1c=?,2c=?,5c=?,10c=?,20c=?,50c=?,1€=?,2€=?
Payout: 5€=0,10€=0,20€=0,50€=0,100€=0,200€=0,500€=0
Cashbox: 5€=2,10€=5,20€=7,50€=0,100€=0,200€=0,500€=0
Summe NV200/2: 200,00 €
Summe Gesamt: 200,00 €
2025-12-22 07:26:04.708 | Baseline gesetzt: 200,00 € (Anmeldung Manuel Priwitzer)
2025-12-22 07:26:05.802 | [Coin2] Auto-Reconnect: HardDisconnect
2025-12-22 07:26:06.573 | [Coin2] Auto-Reconnect: Connect
2025-12-22 07:26:07.399 | [Coin2] Auto-Reconnect: Enable
2025-12-22 07:26:11.820 | [Coin2] Auto-Reconnect: HardDisconnect
2025-12-22 07:26:12.571 | [Coin2] Auto-Reconnect: Connect
2025-12-22 07:26:13.393 | [Coin2] Auto-Reconnect: Enable
2025-12-22 07:26:14.792 | [Coin2] Durch Konfiguration deaktiviert (Watchdog/Reconnect gestoppt)
2025-12-22 07:26:14.793 | Verzögerter Shutdown gestartet – Geräte werden geschlossen...
2025-12-22 07:26:15.011 | CoinManager heruntergefahren
2025-12-22 07:26:15.012 | Coin2Manager heruntergefahren
2025-12-22 07:26:15.667 | [INFO] Port geschlossen
2025-12-22 07:26:15.667 | Geräte getrennt – Warte 5 Sekunden vor Prozessende...
2025-12-22 07:26:20.686 | Beenden jetzt.





------------------------------------- END --------------------------------------
2025-12-22 07:26:20.687 | Logger Shutdown gestartet: DelayedShutdown
2025-12-22 07:29:52.891 | [Coin2] INI SmartCoin/2: Typ='V1', ComPort='', SSPAddress='16'
2025-12-22 07:29:52.963 | [Coin2] Connect() auf Gerät 2 initiiert.





------------------------------------ START -------------------------------------
2025-12-22 07:29:52.965 | Programmstart
2025-12-22 07:29:52.966 | [Coin2] Watchdog gestartet
2025-12-22 07:29:53.098 | NV200/2 verbunden auf COM5
2025-12-22 07:29:54.156 | Login-Form angezeigt
2025-12-22 07:29:59.113 | NFC-Login erkannt: Token='1234', PID=1
2025-12-22 07:29:59.144 | Login OK: Manuel Priwitzer (PID=1), Schicht 122012, Admin=False, Personalguthaben: 0,00 €
2025-12-22 07:29:59.144 | __________________________________________________________________________
2025-12-22 07:29:59.147 | Bestand (kombiniert) |
-- NV200/1 --
Coins: 1c=?,2c=?,5c=?,10c=?,20c=?,50c=?,1€=?,2€=?
Payout: 5€=0,10€=0,20€=0,50€=0,100€=0,200€=0,500€=0
Cashbox: 5€=0,10€=0,20€=0,50€=0,100€=0,200€=0,500€=0
Summe NV200/1: 0,00 €
-- NV200/2 --
Coins: 1c=?,2c=?,5c=?,10c=?,20c=?,50c=?,1€=?,2€=?
Payout: 5€=0,10€=0,20€=0,50€=0,100€=0,200€=0,500€=0
Cashbox: 5€=2,10€=5,20€=7,50€=0,100€=0,200€=0,500€=0
Summe NV200/2: 200,00 €
Summe Gesamt: 200,00 €
2025-12-22 07:29:59.147 | Baseline gesetzt: 200,00 € (Anmeldung Manuel Priwitzer)
2025-12-22 07:30:00.278 | [Coin2] Auto-Reconnect: HardDisconnect
2025-12-22 07:30:01.035 | [Coin2] Auto-Reconnect: Connect
2025-12-22 07:30:01.859 | [Coin2] Auto-Reconnect: Enable
2025-12-22 07:30:06.336 | [Coin2] Auto-Reconnect: HardDisconnect
2025-12-22 07:30:07.087 | [Coin2] Auto-Reconnect: Connect
2025-12-22 07:30:07.916 | [Coin2] Auto-Reconnect: Enable
2025-12-22 07:30:12.389 | [Coin2] Auto-Reconnect: HardDisconnect
2025-12-22 07:30:13.140 | [Coin2] Auto-Reconnect: Connect
2025-12-22 07:30:13.961 | [Coin2] Auto-Reconnect: Enable
2025-12-22 07:30:18.411 | [Coin2] Auto-Reconnect: HardDisconnect
2025-12-22 07:30:19.158 | [Coin2] Auto-Reconnect: Connect
2025-12-22 07:30:19.975 | [Coin2] Auto-Reconnect: Enable
2025-12-22 07:30:24.429 | [Coin2] Auto-Reconnect: HardDisconnect
2025-12-22 07:30:25.216 | [Coin2] Auto-Reconnect: Connect
2025-12-22 07:30:26.038 | [Coin2] Auto-Reconnect: Enable
2025-12-22 07:30:30.478 | [Coin2] Auto-Reconnect: HardDisconnect
2025-12-22 07:30:31.235 | [Coin2] Auto-Reconnect: Connect
2025-12-22 07:30:32.058 | [Coin2] Auto-Reconnect: Enable
2025-12-22 07:30:36.528 | [Coin2] Auto-Reconnect: HardDisconnect
2025-12-22 07:30:37.298 | [Coin2] Auto-Reconnect: Connect
2025-12-22 07:30:38.115 | [Coin2] Auto-Reconnect: Enable
2025-12-22 07:30:42.542 | [Coin2] Auto-Reconnect: HardDisconnect
2025-12-22 07:30:43.304 | [Coin2] Auto-Reconnect: Connect
2025-12-22 07:30:44.132 | [Coin2] Auto-Reconnect: Enable
2025-12-22 07:30:48.589 | [Coin2] Auto-Reconnect: HardDisconnect
2025-12-22 07:30:49.343 | [Coin2] Auto-Reconnect: Connect
2025-12-22 07:30:50.160 | [Coin2] Auto-Reconnect: Enable
2025-12-22 07:31:22.378 | [Coin2] Durch Konfiguration deaktiviert (Watchdog/Reconnect gestoppt)
2025-12-22 07:31:22.378 | Verzögerter Shutdown gestartet – Geräte werden geschlossen...
2025-12-22 07:31:23.451 | CoinManager heruntergefahren
2025-12-22 07:31:23.452 | Coin2Manager heruntergefahren
2025-12-22 07:31:24.111 | [INFO] Port geschlossen
2025-12-22 07:31:24.112 | Geräte getrennt – Warte 5 Sekunden vor Prozessende...
2025-12-22 07:31:29.126 | Beenden jetzt.





------------------------------------- END --------------------------------------
2025-12-22 07:31:29.129 | Logger Shutdown gestartet: DelayedShutdown
2025-12-22 07:38:32.701 | [Coin2] INI SmartCoin/2: Typ='V1', ComPort='', SSPAddress='16'
2025-12-22 07:38:32.737 | [Coin2] Connect() auf Gerät 2 initiiert.





------------------------------------ START -------------------------------------
2025-12-22 07:38:32.740 | Programmstart
2025-12-22 07:38:32.740 | [Coin2] Watchdog gestartet
2025-12-22 07:38:32.858 | NV200/2 verbunden auf COM5
2025-12-22 07:38:33.701 | Login-Form angezeigt
2025-12-22 07:38:33.946 | [Coin2] Auto-Reconnect: HardDisconnect
2025-12-22 07:38:34.714 | [Coin2] Auto-Reconnect: Connect
2025-12-22 07:38:35.536 | [Coin2] Auto-Reconnect: Enable
2025-12-22 07:38:39.233 | NFC-Login erkannt: Token='1234', PID=1
2025-12-22 07:38:39.263 | Login OK: Manuel Priwitzer (PID=1), Schicht 122012, Admin=False, Personalguthaben: 0,00 €
2025-12-22 07:38:39.263 | __________________________________________________________________________
2025-12-22 07:38:39.270 | Bestand (kombiniert) |
-- NV200/1 --
Coins: 1c=?,2c=?,5c=?,10c=?,20c=?,50c=?,1€=?,2€=?
Payout: 5€=0,10€=0,20€=0,50€=0,100€=0,200€=0,500€=0
Cashbox: 5€=0,10€=0,20€=0,50€=0,100€=0,200€=0,500€=0
Summe NV200/1: 0,00 €
-- NV200/2 --
Coins: 1c=?,2c=?,5c=?,10c=?,20c=?,50c=?,1€=?,2€=?
Payout: 5€=0,10€=0,20€=0,50€=0,100€=0,200€=0,500€=0
Cashbox: 5€=2,10€=5,20€=7,50€=0,100€=0,200€=0,500€=0
Summe NV200/2: 200,00 €
Summe Gesamt: 200,00 €
2025-12-22 07:38:39.271 | Baseline gesetzt: 200,00 € (Anmeldung Manuel Priwitzer)
2025-12-22 07:38:39.947 | [Coin2] Auto-Reconnect: HardDisconnect
2025-12-22 07:38:40.669 | [Coin2] Auto-Reconnect: Connect
2025-12-22 07:38:41.487 | [Coin2] Auto-Reconnect: Enable
2025-12-22 07:38:46.492 | [Coin2] Auto-Reconnect: HardDisconnect
2025-12-22 07:38:47.251 | [Coin2] Auto-Reconnect: Connect
2025-12-22 07:38:48.082 | [Coin2] Auto-Reconnect: Enable
2025-12-22 07:38:52.522 | [Coin2] Auto-Reconnect: HardDisconnect
2025-12-22 07:38:53.271 | [Coin2] Auto-Reconnect: Connect
2025-12-22 07:38:54.097 | [Coin2] Auto-Reconnect: Enable
2025-12-22 07:38:58.568 | [Coin2] Auto-Reconnect: HardDisconnect
2025-12-22 07:38:59.318 | [Coin2] Auto-Reconnect: Connect
2025-12-22 07:39:00.144 | [Coin2] Auto-Reconnect: Enable
2025-12-22 07:39:04.614 | [Coin2] Auto-Reconnect: HardDisconnect
2025-12-22 07:39:05.383 | [Coin2] Auto-Reconnect: Connect
2025-12-22 07:39:06.201 | [Coin2] Auto-Reconnect: Enable
2025-12-22 07:39:10.661 | [Coin2] Auto-Reconnect: HardDisconnect
2025-12-22 07:39:11.418 | [Coin2] Auto-Reconnect: Connect
2025-12-22 07:39:12.246 | [Coin2] Auto-Reconnect: Enable
2025-12-22 07:39:16.692 | [Coin2] Auto-Reconnect: HardDisconnect
2025-12-22 07:39:17.461 | [Coin2] Auto-Reconnect: Connect
2025-12-22 07:39:18.278 | [Coin2] Auto-Reconnect: Enable
2025-12-22 07:39:22.715 | [Coin2] Auto-Reconnect: HardDisconnect
2025-12-22 07:39:23.472 | [Coin2] Auto-Reconnect: Connect
2025-12-22 07:39:24.299 | [Coin2] Auto-Reconnect: Enable
2025-12-22 07:39:28.737 | [Coin2] Auto-Reconnect: HardDisconnect
2025-12-22 07:39:29.495 | [Coin2] Auto-Reconnect: Connect
2025-12-22 07:39:30.320 | [Coin2] Auto-Reconnect: Enable
2025-12-22 07:40:18.964 | [Coin2] Durch Konfiguration deaktiviert (Watchdog/Reconnect gestoppt)
2025-12-22 07:40:18.964 | Verzögerter Shutdown gestartet – Geräte werden geschlossen...
2025-12-22 07:40:19.763 | CoinManager heruntergefahren
2025-12-22 07:40:19.764 | Coin2Manager heruntergefahren
2025-12-22 07:40:20.419 | [INFO] Port geschlossen
2025-12-22 07:40:20.419 | Geräte getrennt – Warte 5 Sekunden vor Prozessende...
2025-12-22 07:40:25.439 | Beenden jetzt.





------------------------------------- END --------------------------------------
2025-12-22 07:40:25.441 | Logger Shutdown gestartet: DelayedShutdown
2025-12-22 07:44:56.250 | [Coin2] INI SmartCoin/2: Typ='V1', ComPort='', SSPAddress='16'
2025-12-22 07:44:56.288 | [Coin2] Connect() auf Gerät 2 initiiert.
2025-12-22 07:44:56.290 | [Coin2] Watchdog gestartet





------------------------------------ START -------------------------------------
2025-12-22 07:44:56.295 | Programmstart
2025-12-22 07:44:56.437 | NV200/2 verbunden auf COM5
2025-12-22 07:44:57.222 | Login-Form angezeigt
2025-12-22 07:45:00.951 | NFC-Login erkannt: Token='1234', PID=1
2025-12-22 07:45:00.981 | Login OK: Manuel Priwitzer (PID=1), Schicht 122012, Admin=False, Personalguthaben: 0,00 €
2025-12-22 07:45:00.981 | __________________________________________________________________________
2025-12-22 07:45:00.985 | Bestand (kombiniert) |
-- NV200/1 --
Coins: 1c=?,2c=?,5c=?,10c=?,20c=?,50c=?,1€=?,2€=?
Payout: 5€=0,10€=0,20€=0,50€=0,100€=0,200€=0,500€=0
Cashbox: 5€=0,10€=0,20€=0,50€=0,100€=0,200€=0,500€=0
Summe NV200/1: 0,00 €
-- NV200/2 --
Coins: 1c=?,2c=?,5c=?,10c=?,20c=?,50c=?,1€=?,2€=?
Payout: 5€=0,10€=0,20€=0,50€=0,100€=0,200€=0,500€=0
Cashbox: 5€=2,10€=5,20€=7,50€=0,100€=0,200€=0,500€=0
Summe NV200/2: 200,00 €
Summe Gesamt: 200,00 €
2025-12-22 07:45:00.985 | Baseline gesetzt: 200,00 € (Anmeldung Manuel Priwitzer)
2025-12-22 07:45:03.658 | [Coin2] Auto-Reconnect: HardDisconnect
2025-12-22 07:45:04.414 | [Coin2] Auto-Reconnect: Connect
2025-12-22 07:45:05.242 | [Coin2] Auto-Reconnect: Enable
2025-12-22 07:45:09.684 | [Coin2] Auto-Reconnect: HardDisconnect
2025-12-22 07:45:10.439 | [Coin2] Auto-Reconnect: Connect
2025-12-22 07:45:11.268 | [Coin2] Auto-Reconnect: Enable
2025-12-22 07:45:15.723 | [Coin2] Auto-Reconnect: HardDisconnect
2025-12-22 07:45:16.481 | [Coin2] Auto-Reconnect: Connect
2025-12-22 07:45:17.302 | [Coin2] Auto-Reconnect: Enable
2025-12-22 07:45:21.741 | [Coin2] Auto-Reconnect: HardDisconnect
2025-12-22 07:45:22.499 | [Coin2] Auto-Reconnect: Connect
2025-12-22 07:45:23.669 | [Coin2] Durch Konfiguration deaktiviert (Watchdog/Reconnect gestoppt)
2025-12-22 07:45:23.669 | Verzögerter Shutdown gestartet – Geräte werden geschlossen...
2025-12-22 07:45:24.228 | CoinManager heruntergefahren
2025-12-22 07:45:24.229 | Coin2Manager heruntergefahren
2025-12-22 07:45:24.880 | [INFO] Port geschlossen
2025-12-22 07:45:24.880 | Geräte getrennt – Warte 5 Sekunden vor Prozessende...
2025-12-22 07:45:29.896 | Beenden jetzt.





------------------------------------- END --------------------------------------
2025-12-22 07:45:29.897 | Logger Shutdown gestartet: DelayedShutdown
2025-12-22 08:30:38.743 | [Coin2] INI SmartCoin/2: Typ='V1', ComPort='', SSPAddress='16'
2025-12-22 08:30:38.788 | [Coin2] Connect() auf Gerät 2 initiiert.
2025-12-22 08:30:38.789 | [Coin2] Watchdog gestartet





------------------------------------ START -------------------------------------
2025-12-22 08:30:38.791 | Programmstart
2025-12-22 08:30:38.882 | NV200/2 verbunden auf COM5
2025-12-22 08:30:39.658 | Login-Form angezeigt
2025-12-22 08:30:43.661 | NFC-Login erkannt: Token='1234', PID=1
2025-12-22 08:30:43.686 | Login OK: Manuel Priwitzer (PID=1), Schicht 122012, Admin=False, Personalguthaben: 0,00 €
2025-12-22 08:30:43.686 | __________________________________________________________________________
2025-12-22 08:30:43.689 | Bestand (kombiniert) |
-- NV200/1 --
Coins: 1c=?,2c=?,5c=?,10c=?,20c=?,50c=?,1€=?,2€=?
Payout: 5€=0,10€=0,20€=0,50€=0,100€=0,200€=0,500€=0
Cashbox: 5€=0,10€=0,20€=0,50€=0,100€=0,200€=0,500€=0
Summe NV200/1: 0,00 €
-- NV200/2 --
Coins: 1c=?,2c=?,5c=?,10c=?,20c=?,50c=?,1€=?,2€=?
Payout: 5€=0,10€=0,20€=0,50€=0,100€=0,200€=0,500€=0
Cashbox: 5€=2,10€=5,20€=7,50€=0,100€=0,200€=0,500€=0
Summe NV200/2: 200,00 €
Summe Gesamt: 200,00 €
2025-12-22 08:30:43.690 | Baseline gesetzt: 200,00 € (Anmeldung Manuel Priwitzer)
2025-12-22 08:30:46.121 | [Coin2] Auto-Reconnect: HardDisconnect
2025-12-22 08:30:46.883 | [Coin2] Auto-Reconnect: Connect
2025-12-22 08:30:47.713 | [Coin2] Auto-Reconnect: Enable
2025-12-22 08:30:52.155 | [Coin2] Auto-Reconnect: HardDisconnect
2025-12-22 08:30:52.896 | [Coin2] Auto-Reconnect: Connect
2025-12-22 08:30:53.721 | [Coin2] Auto-Reconnect: Enable
2025-12-22 08:30:58.177 | [Coin2] Auto-Reconnect: HardDisconnect
2025-12-22 08:30:58.937 | [Coin2] Auto-Reconnect: Connect
2025-12-22 08:30:59.758 | [Coin2] Auto-Reconnect: Enable
2025-12-22 08:31:04.222 | [Coin2] Auto-Reconnect: HardDisconnect
2025-12-22 08:31:04.962 | [Coin2] Auto-Reconnect: Connect
2025-12-22 08:31:05.779 | [Coin2] Auto-Reconnect: Enable
2025-12-22 08:31:10.224 | [Coin2] Auto-Reconnect: HardDisconnect
2025-12-22 08:31:10.954 | [Coin2] Auto-Reconnect: Connect
2025-12-22 08:31:11.776 | [Coin2] Auto-Reconnect: Enable
2025-12-22 08:31:16.226 | [Coin2] Auto-Reconnect: HardDisconnect
2025-12-22 08:31:16.985 | [Coin2] Auto-Reconnect: Connect
2025-12-22 08:31:17.811 | [Coin2] Auto-Reconnect: Enable
2025-12-22 08:31:22.229 | [Coin2] Auto-Reconnect: HardDisconnect
2025-12-22 08:31:22.980 | [Coin2] Auto-Reconnect: Connect
2025-12-22 08:31:23.806 | [Coin2] Auto-Reconnect: Enable
2025-12-22 08:31:25.182 | [Coin2] Durch Konfiguration deaktiviert (Watchdog/Reconnect gestoppt)
2025-12-22 08:31:25.182 | Verzögerter Shutdown gestartet – Geräte werden geschlossen...
2025-12-22 08:31:26.119 | CoinManager heruntergefahren
2025-12-22 08:31:26.120 | Coin2Manager heruntergefahren
2025-12-22 08:31:26.783 | [INFO] Port geschlossen
2025-12-22 08:31:26.783 | Geräte getrennt – Warte 5 Sekunden vor Prozessende...
2025-12-22 08:31:31.800 | Beenden jetzt.





------------------------------------- END --------------------------------------
2025-12-22 08:31:31.803 | Logger Shutdown gestartet: DelayedShutdown
2025-12-22 08:39:59.535 | [Coin2] INI SmartCoin/2: Typ='V1', ComPort='', SSPAddress='16'
2025-12-22 08:39:59.573 | [Coin2] Connect() auf Gerät 2 initiiert.
2025-12-22 08:39:59.578 | [Coin2] Watchdog gestartet





------------------------------------ START -------------------------------------
2025-12-22 08:39:59.583 | Programmstart
2025-12-22 08:39:59.668 | NV200/2 verbunden auf COM5
2025-12-22 08:40:00.432 | Login-Form angezeigt
2025-12-22 08:40:04.772 | NFC-Login erkannt: Token='1234', PID=1
2025-12-22 08:40:04.807 | Login OK: Manuel Priwitzer (PID=1), Schicht 122012, Admin=False, Personalguthaben: 0,00 €
2025-12-22 08:40:04.807 | __________________________________________________________________________
2025-12-22 08:40:04.814 | Bestand (kombiniert) |
-- NV200/1 --
Coins: 1c=?,2c=?,5c=?,10c=?,20c=?,50c=?,1€=?,2€=?
Payout: 5€=0,10€=0,20€=0,50€=0,100€=0,200€=0,500€=0
Cashbox: 5€=0,10€=0,20€=0,50€=0,100€=0,200€=0,500€=0
Summe NV200/1: 0,00 €
-- NV200/2 --
Coins: 1c=?,2c=?,5c=?,10c=?,20c=?,50c=?,1€=?,2€=?
Payout: 5€=0,10€=0,20€=0,50€=0,100€=0,200€=0,500€=0
Cashbox: 5€=2,10€=5,20€=7,50€=0,100€=0,200€=0,500€=0
Summe NV200/2: 200,00 €
Summe Gesamt: 200,00 €
2025-12-22 08:40:04.814 | Baseline gesetzt: 200,00 € (Anmeldung Manuel Priwitzer)
2025-12-22 08:40:06.866 | [Coin2] Auto-Reconnect: HardDisconnect
2025-12-22 08:40:07.607 | [Coin2] Auto-Reconnect: Connect
2025-12-22 08:40:08.429 | [Coin2] Auto-Reconnect: Enable
2025-12-22 08:40:12.851 | [Coin2] Auto-Reconnect: HardDisconnect
2025-12-22 08:40:13.610 | [Coin2] Auto-Reconnect: Connect
2025-12-22 08:40:14.423 | [Coin2] Auto-Reconnect: Enable
2025-12-22 08:40:18.864 | [Coin2] Auto-Reconnect: HardDisconnect
2025-12-22 08:40:19.600 | [Coin2] Auto-Reconnect: Connect
2025-12-22 08:40:20.418 | [Coin2] Auto-Reconnect: Enable
2025-12-22 08:40:24.873 | [Coin2] Auto-Reconnect: HardDisconnect
2025-12-22 08:40:25.614 | [Coin2] Auto-Reconnect: Connect
2025-12-22 08:40:26.443 | [Coin2] Auto-Reconnect: Enable
2025-12-22 08:40:30.884 | [Coin2] Auto-Reconnect: HardDisconnect
2025-12-22 08:40:31.644 | [Coin2] Auto-Reconnect: Connect
2025-12-22 08:40:32.472 | [Coin2] Auto-Reconnect: Enable
2025-12-22 08:40:36.900 | [Coin2] Auto-Reconnect: HardDisconnect
2025-12-22 08:40:37.660 | [Coin2] Auto-Reconnect: Connect
2025-12-22 08:40:38.486 | [Coin2] Auto-Reconnect: Enable
2025-12-22 08:40:42.965 | [Coin2] Auto-Reconnect: HardDisconnect
2025-12-22 08:40:43.730 | [Coin2] Auto-Reconnect: Connect
2025-12-22 08:40:44.553 | [Coin2] Auto-Reconnect: Enable
2025-12-22 08:40:49.009 | [Coin2] Auto-Reconnect: HardDisconnect
2025-12-22 08:40:49.749 | [Coin2] Auto-Reconnect: Connect
2025-12-22 08:40:50.573 | [Coin2] Auto-Reconnect: Enable
2025-12-22 08:40:55.025 | [Coin2] Auto-Reconnect: HardDisconnect
2025-12-22 08:40:55.777 | [Coin2] Auto-Reconnect: Connect
2025-12-22 08:40:56.593 | [Coin2] Auto-Reconnect: Enable
2025-12-22 08:46:07.641 | [Coin2] Durch Konfiguration deaktiviert (Watchdog/Reconnect gestoppt)
2025-12-22 08:46:07.641 | Verzögerter Shutdown gestartet – Geräte werden geschlossen...
2025-12-22 08:46:08.704 | CoinManager heruntergefahren
2025-12-22 08:46:08.705 | Coin2Manager heruntergefahren
2025-12-22 08:46:09.356 | [INFO] Port geschlossen
2025-12-22 08:46:09.356 | Geräte getrennt – Warte 5 Sekunden vor Prozessende...
2025-12-22 08:46:14.374 | Beenden jetzt.





------------------------------------- END --------------------------------------
2025-12-22 08:46:14.375 | Logger Shutdown gestartet: DelayedShutdown
2025-12-22 08:48:41.950 | [Coin2] INI SmartCoin/2: Typ='V1', ComPort='', SSPAddress='16'
2025-12-22 08:48:41.982 | [Coin2] Connect() auf Gerät 2 initiiert.
2025-12-22 08:48:41.984 | [Coin2] Watchdog gestartet





------------------------------------ START -------------------------------------
2025-12-22 08:48:41.987 | Programmstart
2025-12-22 08:48:42.091 | NV200/2 verbunden auf COM5
2025-12-22 08:48:42.785 | Login-Form angezeigt
2025-12-22 08:48:49.277 | [Coin2] Auto-Reconnect: HardDisconnect
2025-12-22 08:48:50.018 | [Coin2] Auto-Reconnect: Connect
2025-12-22 08:48:50.844 | [Coin2] Auto-Reconnect: Enable
2025-12-22 08:48:52.205 | NFC-Login erkannt: Token='1234', PID=1
2025-12-22 08:48:52.234 | Login OK: Manuel Priwitzer (PID=1), Schicht 122012, Admin=False, Personalguthaben: 0,00 €
2025-12-22 08:48:52.234 | __________________________________________________________________________
2025-12-22 08:48:52.236 | Bestand (kombiniert) |
-- NV200/1 --
Coins: 1c=?,2c=?,5c=?,10c=?,20c=?,50c=?,1€=?,2€=?
Payout: 5€=0,10€=0,20€=0,50€=0,100€=0,200€=0,500€=0
Cashbox: 5€=0,10€=0,20€=0,50€=0,100€=0,200€=0,500€=0
Summe NV200/1: 0,00 €
-- NV200/2 --
Coins: 1c=?,2c=?,5c=?,10c=?,20c=?,50c=?,1€=?,2€=?
Payout: 5€=0,10€=0,20€=0,50€=0,100€=0,200€=0,500€=0
Cashbox: 5€=2,10€=5,20€=7,50€=0,100€=0,200€=0,500€=0
Summe NV200/2: 200,00 €
Summe Gesamt: 200,00 €
2025-12-22 08:48:52.236 | Baseline gesetzt: 200,00 € (Anmeldung Manuel Priwitzer)
2025-12-22 08:48:55.260 | [Coin2] Auto-Reconnect: HardDisconnect
2025-12-22 08:48:56.012 | [Coin2] Auto-Reconnect: Connect
2025-12-22 08:48:56.838 | [Coin2] Auto-Reconnect: Enable
2025-12-22 08:49:01.292 | [Coin2] Auto-Reconnect: HardDisconnect
2025-12-22 08:49:02.043 | [Coin2] Auto-Reconnect: Connect
2025-12-22 08:49:02.864 | [Coin2] Auto-Reconnect: Enable
2025-12-22 08:49:07.288 | [Coin2] Auto-Reconnect: HardDisconnect
2025-12-22 08:49:08.039 | [Coin2] Auto-Reconnect: Connect
2025-12-22 08:49:08.864 | [Coin2] Auto-Reconnect: Enable
2025-12-22 08:49:13.300 | [Coin2] Auto-Reconnect: HardDisconnect
2025-12-22 08:49:14.058 | [Coin2] Auto-Reconnect: Connect
2025-12-22 08:49:14.882 | [Coin2] Auto-Reconnect: Enable
2025-12-22 08:49:19.327 | [Coin2] Auto-Reconnect: HardDisconnect
2025-12-22 08:49:20.087 | [Coin2] Auto-Reconnect: Connect
2025-12-22 08:49:21.261 | [Coin2] Durch Konfiguration deaktiviert (Watchdog/Reconnect gestoppt)
2025-12-22 08:49:21.261 | Verzögerter Shutdown gestartet – Geräte werden geschlossen...
2025-12-22 08:49:22.069 | CoinManager heruntergefahren
2025-12-22 08:49:22.069 | Coin2Manager heruntergefahren
2025-12-22 08:49:22.727 | [INFO] Port geschlossen
2025-12-22 08:49:22.727 | Geräte getrennt – Warte 5 Sekunden vor Prozessende...
2025-12-22 08:49:27.739 | Beenden jetzt.





------------------------------------- END --------------------------------------
2025-12-22 08:49:27.742 | Logger Shutdown gestartet: DelayedShutdown
2025-12-22 09:08:56.360 | [Coin2] INI SmartCoin/2: Typ='V1', ComPort='', SSPAddress='16'
2025-12-22 09:08:56.406 | [Coin2] Connect() auf Gerät 2 initiiert.
2025-12-22 09:08:56.416 | [Coin2] Watchdog gestartet





------------------------------------ START -------------------------------------
2025-12-22 09:08:56.419 | Programmstart
2025-12-22 09:08:56.554 | NV200/2 verbunden auf COM5
2025-12-22 09:08:57.348 | Login-Form angezeigt
2025-12-22 09:09:00.273 | NFC-Login erkannt: Token='1234', PID=1
2025-12-22 09:09:00.301 | Login OK: Manuel Priwitzer (PID=1), Schicht 122012, Admin=False, Personalguthaben: 0,00 €
2025-12-22 09:09:00.301 | __________________________________________________________________________
2025-12-22 09:09:00.307 | Bestand (kombiniert) |
-- NV200/1 --
Coins: 1c=?,2c=?,5c=?,10c=?,20c=?,50c=?,1€=?,2€=?
Payout: 5€=0,10€=0,20€=0,50€=0,100€=0,200€=0,500€=0
Cashbox: 5€=0,10€=0,20€=0,50€=0,100€=0,200€=0,500€=0
Summe NV200/1: 0,00 €
-- NV200/2 --
Coins: 1c=?,2c=?,5c=?,10c=?,20c=?,50c=?,1€=?,2€=?
Payout: 5€=0,10€=0,20€=0,50€=0,100€=0,200€=0,500€=0
Cashbox: 5€=2,10€=5,20€=7,50€=0,100€=0,200€=0,500€=0
Summe NV200/2: 200,00 €
Summe Gesamt: 200,00 €
2025-12-22 09:09:00.307 | Baseline gesetzt: 200,00 € (Anmeldung Manuel Priwitzer)
2025-12-22 09:09:03.762 | [Coin2] Auto-Reconnect: HardDisconnect
2025-12-22 09:09:04.517 | [Coin2] Auto-Reconnect: Connect
2025-12-22 09:09:05.341 | [Coin2] Auto-Reconnect: Enable
2025-12-22 09:09:09.783 | [Coin2] Auto-Reconnect: HardDisconnect
2025-12-22 09:09:10.531 | [Coin2] Auto-Reconnect: Connect
2025-12-22 09:09:11.353 | [Coin2] Auto-Reconnect: Enable
2025-12-22 09:09:15.813 | [Coin2] Auto-Reconnect: HardDisconnect
2025-12-22 09:09:16.569 | [Coin2] Auto-Reconnect: Connect
2025-12-22 09:09:17.394 | [Coin2] Auto-Reconnect: Enable
2025-12-22 09:09:21.842 | [Coin2] Auto-Reconnect: HardDisconnect
2025-12-22 09:09:22.584 | [Coin2] Auto-Reconnect: Connect
2025-12-22 09:09:23.406 | [Coin2] Auto-Reconnect: Enable
2025-12-22 09:09:27.844 | [Coin2] Auto-Reconnect: HardDisconnect
2025-12-22 09:09:28.587 | [Coin2] Auto-Reconnect: Connect
2025-12-22 09:09:29.408 | [Coin2] Auto-Reconnect: Enable
2025-12-22 09:09:33.851 | [Coin2] Auto-Reconnect: HardDisconnect
2025-12-22 09:09:34.611 | [Coin2] Auto-Reconnect: Connect
2025-12-22 09:09:35.430 | [Coin2] Auto-Reconnect: Enable
2025-12-22 09:09:39.873 | [Coin2] Auto-Reconnect: HardDisconnect
2025-12-22 09:09:40.787 | [Coin2] Durch Konfiguration deaktiviert (Watchdog/Reconnect gestoppt)
2025-12-22 09:09:40.787 | Verzögerter Shutdown gestartet – Geräte werden geschlossen...
2025-12-22 09:09:41.757 | CoinManager heruntergefahren
2025-12-22 09:09:41.758 | Coin2Manager heruntergefahren
2025-12-22 09:09:42.401 | [INFO] Port geschlossen
2025-12-22 09:09:42.401 | Geräte getrennt – Warte 5 Sekunden vor Prozessende...
2025-12-22 09:09:47.422 | Beenden jetzt.





------------------------------------- END --------------------------------------
2025-12-22 09:09:47.423 | Logger Shutdown gestartet: DelayedShutdown
2025-12-22 09:30:20.314 | [Coin2] INI SmartCoin/2: Typ='V1', ComPort='', SSPAddress='16'
2025-12-22 09:30:20.353 | [Coin2] Connect() auf Gerät 2 initiiert.





------------------------------------ START -------------------------------------
2025-12-22 09:30:20.364 | Programmstart
2025-12-22 09:30:20.366 | [Coin2] Watchdog gestartet
2025-12-22 09:30:20.495 | NV200/2 verbunden auf COM5
2025-12-22 09:30:21.295 | Login-Form angezeigt
2025-12-22 09:30:23.936 | NFC-Login erkannt: Token='1234', PID=1
2025-12-22 09:30:23.961 | Login OK: Manuel Priwitzer (PID=1), Schicht 122012, Admin=False, Personalguthaben: 0,00 €
2025-12-22 09:30:23.961 | __________________________________________________________________________
2025-12-22 09:30:23.965 | Bestand (kombiniert) |
-- NV200/1 --
Coins: 1c=?,2c=?,5c=?,10c=?,20c=?,50c=?,1€=?,2€=?
Payout: 5€=0,10€=0,20€=0,50€=0,100€=0,200€=0,500€=0
Cashbox: 5€=0,10€=0,20€=0,50€=0,100€=0,200€=0,500€=0
Summe NV200/1: 0,00 €
-- NV200/2 --
Coins: 1c=?,2c=?,5c=?,10c=?,20c=?,50c=?,1€=?,2€=?
Payout: 5€=0,10€=0,20€=0,50€=0,100€=0,200€=0,500€=0
Cashbox: 5€=2,10€=5,20€=7,50€=0,100€=0,200€=0,500€=0
Summe NV200/2: 200,00 €
Summe Gesamt: 200,00 €
2025-12-22 09:30:23.965 | Baseline gesetzt: 200,00 € (Anmeldung Manuel Priwitzer)
2025-12-22 09:30:27.693 | [Coin2] Auto-Reconnect: HardDisconnect
2025-12-22 09:30:28.455 | [Coin2] Auto-Reconnect: Connect
2025-12-22 09:30:29.284 | [Coin2] Auto-Reconnect: Enable
2025-12-22 09:30:33.718 | [Coin2] Auto-Reconnect: HardDisconnect
2025-12-22 09:30:34.473 | [Coin2] Auto-Reconnect: Connect
2025-12-22 09:30:35.297 | [Coin2] Auto-Reconnect: Enable
2025-12-22 09:30:39.741 | [Coin2] Auto-Reconnect: HardDisconnect
2025-12-22 09:30:40.477 | [Coin2] Auto-Reconnect: Connect
2025-12-22 09:30:41.305 | [Coin2] Auto-Reconnect: Enable
2025-12-22 09:30:45.714 | [Coin2] Auto-Reconnect: HardDisconnect
2025-12-22 09:30:46.472 | [Coin2] Auto-Reconnect: Connect
2025-12-22 09:30:47.291 | [Coin2] Auto-Reconnect: Enable
2025-12-22 09:30:51.696 | [Coin2] Auto-Reconnect: HardDisconnect
2025-12-22 09:30:52.459 | [Coin2] Auto-Reconnect: Connect
2025-12-22 09:30:53.273 | [Coin2] Auto-Reconnect: Enable
2025-12-22 09:30:57.731 | [Coin2] Auto-Reconnect: HardDisconnect
2025-12-22 09:30:58.486 | [Coin2] Auto-Reconnect: Connect
2025-12-22 09:30:59.310 | [Coin2] Auto-Reconnect: Enable
2025-12-22 09:31:03.741 | [Coin2] Auto-Reconnect: HardDisconnect
2025-12-22 09:31:04.485 | [Coin2] Auto-Reconnect: Connect
2025-12-22 09:31:05.302 | [Coin2] Auto-Reconnect: Enable
2025-12-22 09:31:09.750 | [Coin2] Auto-Reconnect: HardDisconnect
2025-12-22 09:31:10.502 | [Coin2] Auto-Reconnect: Connect
2025-12-22 09:31:11.316 | [Coin2] Auto-Reconnect: Enable
2025-12-22 09:31:15.763 | [Coin2] Auto-Reconnect: HardDisconnect
2025-12-22 09:31:16.492 | [Coin2] Auto-Reconnect: Connect
2025-12-22 09:31:17.322 | [Coin2] Auto-Reconnect: Enable
2025-12-22 09:34:03.872 | [Coin2] INI SmartCoin/2: Typ='V1', ComPort='', SSPAddress='16'
2025-12-22 09:34:03.902 | [Coin2] Connect() auf Gerät 2 initiiert.
2025-12-22 09:34:03.907 | [Coin2] Watchdog gestartet





------------------------------------ START -------------------------------------
2025-12-22 09:34:03.910 | Programmstart
2025-12-22 09:34:04.014 | NV200/2 verbunden auf COM5
2025-12-22 09:34:05.015 | Login-Form angezeigt
2025-12-22 09:34:07.117 | NFC-Login erkannt: Token='1234', PID=1
2025-12-22 09:34:07.148 | Login OK: Manuel Priwitzer (PID=1), Schicht 122012, Admin=False, Personalguthaben: 0,00 €
2025-12-22 09:34:07.148 | __________________________________________________________________________
2025-12-22 09:34:07.155 | Bestand (kombiniert) |
-- NV200/1 --
Coins: 1c=?,2c=?,5c=?,10c=?,20c=?,50c=?,1€=?,2€=?
Payout: 5€=0,10€=0,20€=0,50€=0,100€=0,200€=0,500€=0
Cashbox: 5€=0,10€=0,20€=0,50€=0,100€=0,200€=0,500€=0
Summe NV200/1: 0,00 €
-- NV200/2 --
Coins: 1c=?,2c=?,5c=?,10c=?,20c=?,50c=?,1€=?,2€=?
Payout: 5€=0,10€=0,20€=0,50€=0,100€=0,200€=0,500€=0
Cashbox: 5€=2,10€=5,20€=7,50€=0,100€=0,200€=0,500€=0
Summe NV200/2: 200,00 €
Summe Gesamt: 200,00 €
2025-12-22 09:34:07.155 | Baseline gesetzt: 200,00 € (Anmeldung Manuel Priwitzer)
2025-12-22 09:34:11.219 | [Coin2] Auto-Reconnect: HardDisconnect
2025-12-22 09:34:11.969 | [Coin2] Auto-Reconnect: Connect
2025-12-22 09:34:12.797 | [Coin2] Auto-Reconnect: Enable
2025-12-22 09:34:17.218 | [Coin2] Auto-Reconnect: HardDisconnect
2025-12-22 09:34:17.977 | [Coin2] Auto-Reconnect: Connect
2025-12-22 09:34:18.814 | [Coin2] Auto-Reconnect: Enable
2025-12-22 09:34:23.219 | [Coin2] Auto-Reconnect: HardDisconnect
2025-12-22 09:34:23.952 | [Coin2] Auto-Reconnect: Connect
2025-12-22 09:34:24.772 | [Coin2] Auto-Reconnect: Enable
2025-12-22 09:34:29.192 | [Coin2] Auto-Reconnect: HardDisconnect
2025-12-22 09:34:29.948 | [Coin2] Auto-Reconnect: Connect
2025-12-22 09:34:30.773 | [Coin2] Auto-Reconnect: Enable
2025-12-22 09:34:35.189 | [Coin2] Auto-Reconnect: HardDisconnect
2025-12-22 09:34:35.932 | [Coin2] Auto-Reconnect: Connect
2025-12-22 09:34:36.760 | [Coin2] Auto-Reconnect: Enable
2025-12-22 09:34:41.195 | [Coin2] Auto-Reconnect: HardDisconnect
2025-12-22 09:34:41.951 | [Coin2] Auto-Reconnect: Connect
2025-12-22 09:34:42.762 | [Coin2] Auto-Reconnect: Enable
2025-12-22 09:34:47.215 | [Coin2] Auto-Reconnect: HardDisconnect
2025-12-22 09:34:47.969 | [Coin2] Auto-Reconnect: Connect
2025-12-22 09:34:48.801 | [Coin2] Auto-Reconnect: Enable
2025-12-22 09:34:53.253 | [Coin2] Auto-Reconnect: HardDisconnect
2025-12-22 09:34:54.011 | [Coin2] Auto-Reconnect: Connect
2025-12-22 09:34:54.836 | [Coin2] Auto-Reconnect: Enable
2025-12-22 09:34:57.238 | [Coin2] Durch Konfiguration deaktiviert (Watchdog/Reconnect gestoppt)
2025-12-22 09:34:57.238 | Verzögerter Shutdown gestartet – Geräte werden geschlossen...
2025-12-22 09:34:58.373 | CoinManager heruntergefahren
2025-12-22 09:34:58.374 | Coin2Manager heruntergefahren
2025-12-22 09:34:59.032 | [INFO] Port geschlossen
2025-12-22 09:34:59.032 | Geräte getrennt – Warte 5 Sekunden vor Prozessende...
2025-12-22 09:35:04.044 | Beenden jetzt.





------------------------------------- END --------------------------------------
2025-12-22 09:35:04.047 | Logger Shutdown gestartet: DelayedShutdown
2025-12-22 09:53:49.975 | [Coin2] INI SmartCoin/2: Typ='V1', ComPort='', SSPAddress='16'
2025-12-22 09:53:50.005 | [Coin2] Connect() auf Gerät 2 initiiert.
2025-12-22 09:53:50.006 | [Coin2] Watchdog gestartet





------------------------------------ START -------------------------------------
2025-12-22 09:53:50.009 | Programmstart
2025-12-22 09:53:50.115 | NV200/2 verbunden auf COM5
2025-12-22 09:53:50.886 | Login-Form angezeigt
2025-12-22 09:53:57.106 | NFC-Login erkannt: Token='1234', PID=1
2025-12-22 09:53:57.137 | Login OK: Manuel Priwitzer (PID=1), Schicht 122012, Admin=False, Personalguthaben: 0,00 €
2025-12-22 09:53:57.137 | __________________________________________________________________________
2025-12-22 09:53:57.142 | Bestand (kombiniert) |
-- NV200/1 --
Coins: 1c=?,2c=?,5c=?,10c=?,20c=?,50c=?,1€=?,2€=?
Payout: 5€=0,10€=0,20€=0,50€=0,100€=0,200€=0,500€=0
Cashbox: 5€=0,10€=0,20€=0,50€=0,100€=0,200€=0,500€=0
Summe NV200/1: 0,00 €
-- NV200/2 --
Coins: 1c=?,2c=?,5c=?,10c=?,20c=?,50c=?,1€=?,2€=?
Payout: 5€=0,10€=0,20€=0,50€=0,100€=0,200€=0,500€=0
Cashbox: 5€=2,10€=5,20€=7,50€=0,100€=0,200€=0,500€=0
Summe NV200/2: 200,00 €
Summe Gesamt: 200,00 €
2025-12-22 09:53:57.143 | Baseline gesetzt: 200,00 € (Anmeldung Manuel Priwitzer)
2025-12-22 09:53:57.304 | [Coin2] Auto-Reconnect: HardDisconnect
2025-12-22 09:53:58.013 | [Coin2] Auto-Reconnect: Connect
2025-12-22 09:53:58.836 | [Coin2] Auto-Reconnect: Enable
2025-12-22 09:54:03.271 | [Coin2] Auto-Reconnect: HardDisconnect
2025-12-22 09:54:04.013 | [Coin2] Auto-Reconnect: Connect
2025-12-22 09:54:04.827 | [Coin2] Auto-Reconnect: Enable
2025-12-22 09:54:09.287 | [Coin2] Auto-Reconnect: HardDisconnect
2025-12-22 09:54:10.038 | [Coin2] Auto-Reconnect: Connect
2025-12-22 09:54:10.864 | [Coin2] Auto-Reconnect: Enable
2025-12-22 09:54:15.286 | [Coin2] Auto-Reconnect: HardDisconnect
2025-12-22 09:54:16.022 | [Coin2] Auto-Reconnect: Connect
2025-12-22 09:54:16.836 | [Coin2] Auto-Reconnect: Enable
2025-12-22 09:54:21.279 | [Coin2] Auto-Reconnect: HardDisconnect
2025-12-22 09:54:22.042 | [Coin2] Auto-Reconnect: Connect
2025-12-22 09:54:22.859 | [Coin2] Auto-Reconnect: Enable
2025-12-22 09:54:27.297 | [Coin2] Auto-Reconnect: HardDisconnect
2025-12-22 09:54:28.052 | [Coin2] Auto-Reconnect: Connect
2025-12-22 09:54:28.872 | [Coin2] Auto-Reconnect: Enable
2025-12-22 09:54:33.331 | [Coin2] Auto-Reconnect: HardDisconnect
2025-12-22 09:54:34.066 | [Coin2] Auto-Reconnect: Connect
2025-12-22 09:54:34.893 | [Coin2] Auto-Reconnect: Enable
2025-12-22 09:54:39.347 | [Coin2] Auto-Reconnect: HardDisconnect
2025-12-22 09:54:40.104 | [Coin2] Auto-Reconnect: Connect
2025-12-22 09:54:40.927 | [Coin2] Auto-Reconnect: Enable
2025-12-22 09:54:45.336 | [Coin2] Auto-Reconnect: HardDisconnect
2025-12-22 09:54:46.086 | [Coin2] Auto-Reconnect: Connect
2025-12-22 09:54:46.918 | [Coin2] Auto-Reconnect: Enable
2025-12-22 09:54:58.545 | [Coin2] Durch Konfiguration deaktiviert (Watchdog/Reconnect gestoppt)
2025-12-22 09:54:58.545 | Verzögerter Shutdown gestartet – Geräte werden geschlossen...
2025-12-22 09:54:58.839 | CoinManager heruntergefahren
2025-12-22 09:54:58.840 | Coin2Manager heruntergefahren
2025-12-22 09:54:59.494 | [INFO] Port geschlossen
2025-12-22 09:54:59.494 | Geräte getrennt – Warte 5 Sekunden vor Prozessende...
2025-12-22 09:55:04.514 | Beenden jetzt.





------------------------------------- END --------------------------------------
2025-12-22 09:55:04.517 | Logger Shutdown gestartet: DelayedShutdown
2025-12-22 11:01:42.586 | [Coin2] INI SmartCoin/2: Typ='V1', ComPort='', SSPAddress='16'
2025-12-22 11:01:42.619 | [Coin2] Connect() auf Gerät 2 initiiert.
2025-12-22 11:01:42.625 | [Coin2] Watchdog gestartet





------------------------------------ START -------------------------------------
2025-12-22 11:01:42.628 | Programmstart
2025-12-22 11:01:42.800 | NV200/2 verbunden auf COM5
2025-12-22 11:01:43.665 | Login-Form angezeigt
2025-12-22 11:01:46.408 | NFC-Login erkannt: Token='1234', PID=1
2025-12-22 11:01:46.433 | Login OK: Manuel Priwitzer (PID=1), Schicht 122012, Admin=False, Personalguthaben: 0,00 €
2025-12-22 11:01:46.433 | __________________________________________________________________________
2025-12-22 11:01:46.436 | Bestand (kombiniert) |
-- NV200/1 --
Coins: 1c=?,2c=?,5c=?,10c=?,20c=?,50c=?,1€=?,2€=?
Payout: 5€=0,10€=0,20€=0,50€=0,100€=0,200€=0,500€=0
Cashbox: 5€=0,10€=0,20€=0,50€=0,100€=0,200€=0,500€=0
Summe NV200/1: 0,00 €
-- NV200/2 --
Coins: 1c=?,2c=?,5c=?,10c=?,20c=?,50c=?,1€=?,2€=?
Payout: 5€=0,10€=0,20€=0,50€=0,100€=0,200€=0,500€=0
Cashbox: 5€=2,10€=5,20€=7,50€=0,100€=0,200€=0,500€=0
Summe NV200/2: 200,00 €
Summe Gesamt: 200,00 €
2025-12-22 11:01:46.436 | Baseline gesetzt: 200,00 € (Anmeldung Manuel Priwitzer)
2025-12-22 11:01:49.972 | [Coin2] Auto-Reconnect: HardDisconnect
2025-12-22 11:01:50.731 | [Coin2] Auto-Reconnect: Connect
2025-12-22 11:01:51.548 | [Coin2] Auto-Reconnect: Enable
2025-12-22 11:01:55.987 | [Coin2] Auto-Reconnect: HardDisconnect
2025-12-22 11:01:56.734 | [Coin2] Auto-Reconnect: Connect
2025-12-22 11:01:57.548 | [Coin2] Auto-Reconnect: Enable
2025-12-22 11:02:02.004 | [Coin2] Auto-Reconnect: HardDisconnect
2025-12-22 11:02:02.762 | [Coin2] Auto-Reconnect: Connect
2025-12-22 11:02:03.581 | [Coin2] Auto-Reconnect: Enable
2025-12-22 11:02:08.026 | [Coin2] Auto-Reconnect: HardDisconnect
2025-12-22 11:02:08.774 | [Coin2] Auto-Reconnect: Connect
2025-12-22 11:02:09.587 | [Coin2] Auto-Reconnect: Enable
2025-12-22 11:02:14.041 | [Coin2] Auto-Reconnect: HardDisconnect
2025-12-22 11:02:14.801 | [Coin2] Auto-Reconnect: Connect
2025-12-22 11:02:15.631 | [Coin2] Auto-Reconnect: Enable
2025-12-22 11:02:20.042 | [Coin2] Auto-Reconnect: HardDisconnect
2025-12-22 11:02:20.795 | [Coin2] Auto-Reconnect: Connect
2025-12-22 11:02:21.623 | [Coin2] Auto-Reconnect: Enable
2025-12-22 11:02:26.045 | [Coin2] Auto-Reconnect: HardDisconnect
2025-12-22 11:02:26.804 | [Coin2] Auto-Reconnect: Connect
2025-12-22 11:02:27.620 | [Coin2] Auto-Reconnect: Enable
2025-12-22 11:02:32.045 | [Coin2] Auto-Reconnect: HardDisconnect
2025-12-22 11:02:32.778 | [Coin2] Auto-Reconnect: Connect
2025-12-22 11:02:33.605 | [Coin2] Auto-Reconnect: Enable
2025-12-22 11:02:38.013 | [Coin2] Auto-Reconnect: HardDisconnect
2025-12-22 11:02:38.744 | [Coin2] Auto-Reconnect: Connect
2025-12-22 11:02:39.557 | [Coin2] Auto-Reconnect: Enable
2025-12-22 11:03:50.657 | [Coin2] Durch Konfiguration deaktiviert (Watchdog/Reconnect gestoppt)
2025-12-22 11:03:50.657 | Verzögerter Shutdown gestartet – Geräte werden geschlossen...
2025-12-22 11:03:51.836 | CoinManager heruntergefahren
2025-12-22 11:03:51.837 | Coin2Manager heruntergefahren
2025-12-22 11:03:52.491 | [INFO] Port geschlossen
2025-12-22 11:03:52.491 | Geräte getrennt – Warte 5 Sekunden vor Prozessende...
2025-12-22 11:03:57.513 | Beenden jetzt.





------------------------------------- END --------------------------------------
2025-12-22 11:03:57.515 | Logger Shutdown gestartet: DelayedShutdown
2025-12-22 13:03:26.043 | [Coin2] INI SmartCoin/2: Typ='V1', ComPort='', SSPAddress='16'
2025-12-22 13:03:26.072 | [Coin2] Connect() auf Gerät 2 initiiert.
2025-12-22 13:03:26.073 | [Coin2] Watchdog gestartet





------------------------------------ START -------------------------------------
2025-12-22 13:03:26.076 | Programmstart
2025-12-22 13:03:26.205 | NV200/2 verbunden auf COM5
2025-12-22 13:03:26.935 | Login-Form angezeigt
2025-12-22 13:03:33.367 | NFC-Login erkannt: Token='1234', PID=1
2025-12-22 13:03:33.369 | [Coin2] Auto-Reconnect: HardDisconnect
2025-12-22 13:03:33.396 | Login OK: Manuel Priwitzer (PID=1), Schicht 122012, Admin=False, Personalguthaben: 0,00 €
2025-12-22 13:03:33.396 | __________________________________________________________________________
2025-12-22 13:03:33.400 | Bestand (kombiniert) |
-- NV200/1 --
Coins: 1c=?,2c=?,5c=?,10c=?,20c=?,50c=?,1€=?,2€=?
Payout: 5€=0,10€=0,20€=0,50€=0,100€=0,200€=0,500€=0
Cashbox: 5€=0,10€=0,20€=0,50€=0,100€=0,200€=0,500€=0
Summe NV200/1: 0,00 €
-- NV200/2 --
Coins: 1c=?,2c=?,5c=?,10c=?,20c=?,50c=?,1€=?,2€=?
Payout: 5€=0,10€=0,20€=0,50€=0,100€=0,200€=0,500€=0
Cashbox: 5€=2,10€=5,20€=7,50€=0,100€=0,200€=0,500€=0
Summe NV200/2: 200,00 €
Summe Gesamt: 200,00 €
2025-12-22 13:03:33.401 | Baseline gesetzt: 200,00 € (Anmeldung Manuel Priwitzer)
2025-12-22 13:03:34.112 | [Coin2] Auto-Reconnect: Connect
2025-12-22 13:03:34.938 | [Coin2] Auto-Reconnect: Enable
2025-12-22 13:03:39.360 | [Coin2] Auto-Reconnect: HardDisconnect
2025-12-22 13:03:40.121 | [Coin2] Auto-Reconnect: Connect
2025-12-22 13:03:40.944 | [Coin2] Auto-Reconnect: Enable
2025-12-22 13:03:45.378 | [Coin2] Auto-Reconnect: HardDisconnect
2025-12-22 13:03:46.134 | [Coin2] Auto-Reconnect: Connect
2025-12-22 13:03:46.950 | [Coin2] Auto-Reconnect: Enable
2025-12-22 13:03:51.394 | [Coin2] Auto-Reconnect: HardDisconnect
2025-12-22 13:03:52.154 | [Coin2] Auto-Reconnect: Connect
2025-12-22 13:03:52.980 | [Coin2] Auto-Reconnect: Enable
2025-12-22 13:03:57.425 | [Coin2] Auto-Reconnect: HardDisconnect
2025-12-22 13:03:58.172 | [Coin2] Auto-Reconnect: Connect
2025-12-22 13:03:58.986 | [Coin2] Auto-Reconnect: Enable
2025-12-22 13:04:03.424 | [Coin2] Auto-Reconnect: HardDisconnect
2025-12-22 13:04:04.177 | [Coin2] Auto-Reconnect: Connect
2025-12-22 13:04:04.991 | [Coin2] Auto-Reconnect: Enable
2025-12-22 13:04:09.421 | [Coin2] Auto-Reconnect: HardDisconnect
2025-12-22 13:04:10.174 | [Coin2] Auto-Reconnect: Connect
2025-12-22 13:04:10.997 | [Coin2] Auto-Reconnect: Enable
2025-12-22 13:04:15.443 | [Coin2] Auto-Reconnect: HardDisconnect
2025-12-22 13:04:16.195 | [Coin2] Auto-Reconnect: Connect
2025-12-22 13:04:17.018 | [Coin2] Auto-Reconnect: Enable
2025-12-22 13:04:21.454 | [Coin2] Auto-Reconnect: HardDisconnect
2025-12-22 13:04:22.207 | [Coin2] Auto-Reconnect: Connect
2025-12-22 13:04:23.037 | [Coin2] Auto-Reconnect: Enable
2025-12-22 13:05:34.107 | [Coin2] Durch Konfiguration deaktiviert (Watchdog/Reconnect gestoppt)
2025-12-22 13:05:34.107 | Verzögerter Shutdown gestartet – Geräte werden geschlossen...
2025-12-22 13:05:34.384 | CoinManager heruntergefahren
2025-12-22 13:05:34.385 | Coin2Manager heruntergefahren
2025-12-22 13:05:35.043 | [INFO] Port geschlossen
2025-12-22 13:05:35.043 | Geräte getrennt – Warte 5 Sekunden vor Prozessende...
2025-12-22 13:05:40.064 | Beenden jetzt.





------------------------------------- END --------------------------------------
2025-12-22 13:05:40.066 | Logger Shutdown gestartet: DelayedShutdown
2025-12-22 14:54:37.999 | [Coin2] INI SmartCoin/2: Typ='V1', ComPort='', SSPAddress='16'
2025-12-22 14:54:38.031 | [Coin2] Connect() auf Gerät 2 initiiert.
2025-12-22 14:54:38.036 | [Coin2] Watchdog gestartet





------------------------------------ START -------------------------------------
2025-12-22 14:54:38.042 | Programmstart
2025-12-22 14:54:38.148 | NV200/2 verbunden auf COM5
2025-12-22 14:54:38.869 | Login-Form angezeigt
2025-12-22 14:54:42.576 | NFC-Login erkannt: Token='1234', PID=1
2025-12-22 14:54:42.604 | Login OK: Manuel Priwitzer (PID=1), Schicht 122012, Admin=False, Personalguthaben: 0,00 €
2025-12-22 14:54:42.604 | __________________________________________________________________________
2025-12-22 14:54:42.606 | Bestand (kombiniert) |
-- NV200/1 --
Coins: 1c=?,2c=?,5c=?,10c=?,20c=?,50c=?,1€=?,2€=?
Payout: 5€=0,10€=0,20€=0,50€=0,100€=0,200€=0,500€=0
Cashbox: 5€=0,10€=0,20€=0,50€=0,100€=0,200€=0,500€=0
Summe NV200/1: 0,00 €
-- NV200/2 --
Coins: 1c=?,2c=?,5c=?,10c=?,20c=?,50c=?,1€=?,2€=?
Payout: 5€=0,10€=0,20€=0,50€=0,100€=0,200€=0,500€=0
Cashbox: 5€=2,10€=5,20€=7,50€=0,100€=0,200€=0,500€=0
Summe NV200/2: 200,00 €
Summe Gesamt: 200,00 €
2025-12-22 14:54:42.606 | Baseline gesetzt: 200,00 € (Anmeldung Manuel Priwitzer)
2025-12-22 14:54:45.418 | [Coin2] Auto-Reconnect: HardDisconnect
2025-12-22 14:54:46.151 | [Coin2] Auto-Reconnect: Connect
2025-12-22 14:54:46.965 | [Coin2] Auto-Reconnect: Enable
2025-12-22 14:54:51.418 | [Coin2] Auto-Reconnect: HardDisconnect
2025-12-22 14:54:52.174 | [Coin2] Auto-Reconnect: Connect
2025-12-22 14:54:52.991 | [Coin2] Auto-Reconnect: Enable
2025-12-22 14:54:57.417 | [Coin2] Auto-Reconnect: HardDisconnect
2025-12-22 14:54:58.246 | [Coin2] Auto-Reconnect: Connect
2025-12-22 14:54:59.460 | [Coin2] Durch Konfiguration deaktiviert (Watchdog/Reconnect gestoppt)
2025-12-22 14:54:59.460 | Verzögerter Shutdown gestartet – Geräte werden geschlossen...
2025-12-22 14:54:59.690 | CoinManager heruntergefahren
2025-12-22 14:54:59.691 | Coin2Manager heruntergefahren
2025-12-22 14:55:00.343 | [INFO] Port geschlossen
2025-12-22 14:55:00.343 | Geräte getrennt – Warte 5 Sekunden vor Prozessende...
2025-12-22 14:55:05.357 | Beenden jetzt.





------------------------------------- END --------------------------------------
2025-12-22 14:55:05.359 | Logger Shutdown gestartet: DelayedShutdown
