2025-12-22 06:16:00.880 | Status: Verbinde...
2025-12-22 06:16:00.899 | Thread gestartet
2025-12-22 06:16:00.899 | Open SSPComPort (COM3) failed
2025-12-22 06:16:00.908 | Status: Port nicht verfügbar
2025-12-22 06:16:01.948 | Open SSPComPort (COM3) failed
2025-12-22 06:16:02.974 | Open SSPComPort (COM3) failed
2025-12-22 06:16:03.998 | Open SSPComPort (COM3) failed
2025-12-22 06:16:04.856 | Enable vorgemerkt (wird nach Handshake ausgeführt)
2025-12-22 06:16:05.042 | Open SSPComPort (COM3) failed
2025-12-22 06:16:05.631 | REQ Level 1 ct [plain]
2025-12-22 06:16:05.638 | REQ Level 2 ct [plain]
2025-12-22 06:16:05.645 | REQ Level 5 ct [plain]
2025-12-22 06:16:05.653 | REQ Level 10 ct [plain]
2025-12-22 06:16:05.660 | REQ Level 20 ct [plain]
2025-12-22 06:16:05.668 | REQ Level 50 ct [plain]
2025-12-22 06:16:05.675 | REQ Level 100 ct [plain]
2025-12-22 06:16:05.684 | REQ Level 200 ct [plain]
2025-12-22 06:16:05.691 | Enable vorgemerkt (wird nach Handshake ausgeführt)
2025-12-22 06:16:06.160 | Open SSPComPort (COM3) failed
2025-12-22 06:16:07.184 | Open SSPComPort (COM3) failed
2025-12-22 06:16:08.205 | Open SSPComPort (COM3) failed
2025-12-22 06:16:09.228 | Open SSPComPort (COM3) failed
2025-12-22 06:16:10.253 | Open SSPComPort (COM3) failed
2025-12-22 06:16:11.287 | Open SSPComPort (COM3) failed
2025-12-22 06:16:12.306 | Open SSPComPort (COM3) failed
2025-12-22 06:16:13.325 | Open SSPComPort (COM3) failed
2025-12-22 06:16:14.346 | Open SSPComPort (COM3) failed
2025-12-22 06:16:15.359 | Open SSPComPort (COM3) failed
2025-12-22 06:16:16.382 | Open SSPComPort (COM3) failed
2025-12-22 06:16:17.411 | Open SSPComPort (COM3) failed
2025-12-22 06:16:18.435 | Open SSPComPort (COM3) failed
2025-12-22 06:16:19.460 | Open SSPComPort (COM3) failed
2025-12-22 06:16:20.474 | Open SSPComPort (COM3) failed
2025-12-22 06:16:21.494 | Open SSPComPort (COM3) failed
2025-12-22 06:16:22.514 | Open SSPComPort (COM3) failed
2025-12-22 06:16:23.543 | Open SSPComPort (COM3) failed
2025-12-22 06:16:24.565 | Open SSPComPort (COM3) failed
2025-12-22 06:16:25.592 | Open SSPComPort (COM3) failed
2025-12-22 06:16:26.618 | Open SSPComPort (COM3) failed
2025-12-22 06:16:27.633 | Open SSPComPort (COM3) failed
2025-12-22 06:16:28.659 | Open SSPComPort (COM3) failed
2025-12-22 06:16:29.690 | Open SSPComPort (COM3) failed
2025-12-22 06:16:30.718 | Open SSPComPort (COM3) failed
2025-12-22 06:16:31.732 | Open SSPComPort (COM3) failed
2025-12-22 06:16:32.759 | Open SSPComPort (COM3) failed
2025-12-22 06:16:33.782 | Open SSPComPort (COM3) failed
2025-12-22 06:16:34.809 | Open SSPComPort (COM3) failed
2025-12-22 06:16:35.833 | Open SSPComPort (COM3) failed
2025-12-22 06:16:36.858 | Open SSPComPort (COM3) failed
2025-12-22 06:16:37.881 | Open SSPComPort (COM3) failed
2025-12-22 06:16:38.907 | Open SSPComPort (COM3) failed
2025-12-22 06:16:39.936 | Open SSPComPort (COM3) failed
2025-12-22 06:16:40.962 | Open SSPComPort (COM3) failed
2025-12-22 06:16:41.983 | Open SSPComPort (COM3) failed
2025-12-22 06:16:42.310 | Disable vorgemerkt (wird nach Handshake ausgeführt)
2025-12-22 06:16:42.323 | Disable vorgemerkt (wird nach Handshake ausgeführt)
2025-12-22 06:16:42.335 | HardDisconnect init
2025-12-22 06:16:43.020 | Status: Getrennt
2025-12-22 06:16:43.032 | HardDisconnect done
2025-12-22 06:16:43.148 | Status: getrennt
2025-12-22 06:29:42.028 | Status: Verbinde...
2025-12-22 06:29:42.039 | Thread gestartet
2025-12-22 06:29:42.054 | Open SSPComPort (COM3) failed
2025-12-22 06:29:42.060 | Status: Port nicht verfügbar
2025-12-22 06:29:43.106 | Open SSPComPort (COM3) failed
2025-12-22 06:29:44.135 | Open SSPComPort (COM3) failed
2025-12-22 06:29:45.160 | Open SSPComPort (COM3) failed
2025-12-22 06:29:45.167 | Enable vorgemerkt (wird nach Handshake ausgeführt)
2025-12-22 06:29:45.872 | REQ Level 1 ct [plain]
2025-12-22 06:29:45.880 | REQ Level 2 ct [plain]
2025-12-22 06:29:45.887 | REQ Level 5 ct [plain]
2025-12-22 06:29:45.895 | REQ Level 10 ct [plain]
2025-12-22 06:29:45.902 | REQ Level 20 ct [plain]
2025-12-22 06:29:45.909 | REQ Level 50 ct [plain]
2025-12-22 06:29:45.915 | REQ Level 100 ct [plain]
2025-12-22 06:29:45.922 | REQ Level 200 ct [plain]
2025-12-22 06:29:45.928 | Enable vorgemerkt (wird nach Handshake ausgeführt)
2025-12-22 06:29:46.171 | Open SSPComPort (COM3) failed
2025-12-22 06:29:47.199 | Open SSPComPort (COM3) failed
2025-12-22 06:29:48.228 | Open SSPComPort (COM3) failed
2025-12-22 06:29:49.258 | Open SSPComPort (COM3) failed
2025-12-22 06:29:50.281 | Open SSPComPort (COM3) failed
2025-12-22 06:29:51.306 | Open SSPComPort (COM3) failed
2025-12-22 06:29:52.331 | Open SSPComPort (COM3) failed
2025-12-22 06:29:53.360 | Open SSPComPort (COM3) failed
2025-12-22 06:29:54.387 | Open SSPComPort (COM3) failed
2025-12-22 06:29:55.403 | Open SSPComPort (COM3) failed
2025-12-22 06:29:56.433 | Open SSPComPort (COM3) failed
2025-12-22 06:29:57.473 | Open SSPComPort (COM3) failed
2025-12-22 06:29:58.499 | Open SSPComPort (COM3) failed
2025-12-22 06:29:59.528 | Open SSPComPort (COM3) failed
2025-12-22 06:30:00.560 | Open SSPComPort (COM3) failed
2025-12-22 06:30:01.586 | Open SSPComPort (COM3) failed
2025-12-22 06:30:02.613 | Open SSPComPort (COM3) failed
2025-12-22 06:30:03.638 | Open SSPComPort (COM3) failed
2025-12-22 06:30:04.667 | Open SSPComPort (COM3) failed
2025-12-22 06:30:05.684 | Open SSPComPort (COM3) failed
2025-12-22 06:30:06.706 | Open SSPComPort (COM3) failed
2025-12-22 06:30:07.721 | Open SSPComPort (COM3) failed
2025-12-22 06:30:08.752 | Open SSPComPort (COM3) failed
2025-12-22 06:30:09.782 | Open SSPComPort (COM3) failed
2025-12-22 06:30:10.808 | Open SSPComPort (COM3) failed
2025-12-22 06:30:11.838 | Open SSPComPort (COM3) failed
2025-12-22 06:30:12.870 | Open SSPComPort (COM3) failed
2025-12-22 06:30:13.890 | Open SSPComPort (COM3) failed
2025-12-22 06:30:14.904 | Open SSPComPort (COM3) failed
2025-12-22 06:30:15.933 | Open SSPComPort (COM3) failed
2025-12-22 06:30:16.506 | Disable vorgemerkt (wird nach Handshake ausgeführt)
2025-12-22 06:30:16.518 | Disable vorgemerkt (wird nach Handshake ausgeführt)
2025-12-22 06:30:16.527 | HardDisconnect init
2025-12-22 06:30:17.002 | Status: Getrennt
2025-12-22 06:30:17.014 | HardDisconnect done
2025-12-22 06:30:17.132 | Status: getrennt
2025-12-22 06:39:13.136 | Status: Verbinde...
2025-12-22 06:39:13.145 | Thread gestartet
2025-12-22 06:39:13.159 | Open SSPComPort (COM3) failed
2025-12-22 06:39:13.164 | Status: Port nicht verfügbar
2025-12-22 06:39:14.259 | Open SSPComPort (COM3) failed
2025-12-22 06:39:15.276 | Open SSPComPort (COM3) failed
2025-12-22 06:39:16.305 | Open SSPComPort (COM3) failed
2025-12-22 06:39:16.570 | Enable vorgemerkt (wird nach Handshake ausgeführt)
2025-12-22 06:39:17.193 | REQ Level 1 ct [plain]
2025-12-22 06:39:17.200 | REQ Level 2 ct [plain]
2025-12-22 06:39:17.208 | REQ Level 5 ct [plain]
2025-12-22 06:39:17.215 | REQ Level 10 ct [plain]
2025-12-22 06:39:17.224 | REQ Level 20 ct [plain]
2025-12-22 06:39:17.231 | REQ Level 50 ct [plain]
2025-12-22 06:39:17.238 | REQ Level 100 ct [plain]
2025-12-22 06:39:17.246 | REQ Level 200 ct [plain]
2025-12-22 06:39:17.254 | Enable vorgemerkt (wird nach Handshake ausgeführt)
2025-12-22 06:39:17.332 | Open SSPComPort (COM3) failed
2025-12-22 06:39:18.362 | Open SSPComPort (COM3) failed
2025-12-22 06:39:19.401 | Open SSPComPort (COM3) failed
2025-12-22 06:39:20.423 | Open SSPComPort (COM3) failed
2025-12-22 06:39:21.450 | Open SSPComPort (COM3) failed
2025-12-22 06:39:22.476 | Open SSPComPort (COM3) failed
2025-12-22 06:39:23.507 | Open SSPComPort (COM3) failed
2025-12-22 06:39:24.537 | Open SSPComPort (COM3) failed
2025-12-22 06:39:25.562 | Open SSPComPort (COM3) failed
2025-12-22 06:39:26.589 | Open SSPComPort (COM3) failed
2025-12-22 06:39:27.619 | Open SSPComPort (COM3) failed
2025-12-22 06:39:28.654 | Open SSPComPort (COM3) failed
2025-12-22 06:39:29.687 | Open SSPComPort (COM3) failed
2025-12-22 06:39:30.715 | Open SSPComPort (COM3) failed
2025-12-22 06:39:31.745 | Open SSPComPort (COM3) failed
2025-12-22 06:39:32.771 | Open SSPComPort (COM3) failed
2025-12-22 06:39:33.793 | Open SSPComPort (COM3) failed
2025-12-22 06:39:34.822 | Open SSPComPort (COM3) failed
2025-12-22 06:39:35.847 | Open SSPComPort (COM3) failed
2025-12-22 06:39:36.874 | Open SSPComPort (COM3) failed
2025-12-22 06:39:37.902 | Open SSPComPort (COM3) failed
2025-12-22 06:39:38.934 | Open SSPComPort (COM3) failed
2025-12-22 06:39:39.966 | Open SSPComPort (COM3) failed
2025-12-22 06:39:40.995 | Open SSPComPort (COM3) failed
2025-12-22 06:39:42.028 | Open SSPComPort (COM3) failed
2025-12-22 06:39:43.060 | Open SSPComPort (COM3) failed
2025-12-22 06:39:44.093 | Open SSPComPort (COM3) failed
2025-12-22 06:39:45.123 | Open SSPComPort (COM3) failed
2025-12-22 06:39:46.147 | Open SSPComPort (COM3) failed
2025-12-22 06:39:47.176 | Open SSPComPort (COM3) failed
2025-12-22 06:39:48.205 | Open SSPComPort (COM3) failed
2025-12-22 06:39:49.233 | Open SSPComPort (COM3) failed
2025-12-22 06:39:50.261 | Open SSPComPort (COM3) failed
2025-12-22 06:39:51.293 | Open SSPComPort (COM3) failed
2025-12-22 06:39:52.330 | Open SSPComPort (COM3) failed
2025-12-22 06:39:53.359 | Open SSPComPort (COM3) failed
2025-12-22 06:39:54.392 | Open SSPComPort (COM3) failed
2025-12-22 06:39:55.420 | Open SSPComPort (COM3) failed
2025-12-22 06:39:56.448 | Open SSPComPort (COM3) failed
2025-12-22 06:39:57.475 | Open SSPComPort (COM3) failed
2025-12-22 06:39:58.506 | Open SSPComPort (COM3) failed
2025-12-22 06:39:59.532 | Open SSPComPort (COM3) failed
2025-12-22 06:40:00.563 | Open SSPComPort (COM3) failed
2025-12-22 06:40:01.592 | Open SSPComPort (COM3) failed
2025-12-22 06:40:02.618 | Open SSPComPort (COM3) failed
2025-12-22 06:40:03.648 | Open SSPComPort (COM3) failed
2025-12-22 06:40:04.678 | Open SSPComPort (COM3) failed
2025-12-22 06:40:05.708 | Open SSPComPort (COM3) failed
2025-12-22 06:40:06.734 | Open SSPComPort (COM3) failed
2025-12-22 06:40:07.762 | Open SSPComPort (COM3) failed
2025-12-22 06:40:08.787 | Open SSPComPort (COM3) failed
2025-12-22 06:40:09.807 | Open SSPComPort (COM3) failed
2025-12-22 06:40:10.836 | Open SSPComPort (COM3) failed
2025-12-22 06:40:11.860 | Open SSPComPort (COM3) failed
2025-12-22 06:40:12.883 | Open SSPComPort (COM3) failed
2025-12-22 06:40:13.912 | Open SSPComPort (COM3) failed
2025-12-22 06:40:14.937 | Open SSPComPort (COM3) failed
2025-12-22 06:40:15.964 | Open SSPComPort (COM3) failed
2025-12-22 06:40:16.991 | Open SSPComPort (COM3) failed
2025-12-22 06:40:18.013 | Open SSPComPort (COM3) failed
2025-12-22 06:40:19.041 | Open SSPComPort (COM3) failed
2025-12-22 06:40:20.072 | Open SSPComPort (COM3) failed
2025-12-22 06:40:21.102 | Open SSPComPort (COM3) failed
2025-12-22 06:40:22.131 | Open SSPComPort (COM3) failed
2025-12-22 06:40:23.162 | Open SSPComPort (COM3) failed
2025-12-22 06:40:24.188 | Open SSPComPort (COM3) failed
2025-12-22 06:40:25.214 | Open SSPComPort (COM3) failed
2025-12-22 06:40:26.234 | Open SSPComPort (COM3) failed
2025-12-22 06:40:27.263 | Open SSPComPort (COM3) failed
2025-12-22 06:40:28.293 | Open SSPComPort (COM3) failed
2025-12-22 06:40:29.321 | Open SSPComPort (COM3) failed
2025-12-22 06:40:30.351 | Open SSPComPort (COM3) failed
2025-12-22 06:40:31.379 | Open SSPComPort (COM3) failed
2025-12-22 06:40:32.411 | Open SSPComPort (COM3) failed
2025-12-22 06:40:33.440 | Open SSPComPort (COM3) failed
2025-12-22 06:40:34.460 | Open SSPComPort (COM3) failed
2025-12-22 06:40:35.486 | Open SSPComPort (COM3) failed
2025-12-22 06:40:36.270 | Disable vorgemerkt (wird nach Handshake ausgeführt)
2025-12-22 06:40:36.284 | Disable vorgemerkt (wird nach Handshake ausgeführt)
2025-12-22 06:40:36.294 | HardDisconnect init
2025-12-22 06:40:36.522 | Status: Getrennt
2025-12-22 06:40:36.533 | HardDisconnect done
2025-12-22 06:40:36.655 | Status: getrennt
2025-12-22 06:51:12.333 | Status: Verbinde...
2025-12-22 06:51:12.341 | Thread gestartet
2025-12-22 06:51:12.364 | Open SSPComPort (COM3) failed
2025-12-22 06:51:12.372 | Status: Port nicht verfügbar
2025-12-22 06:51:13.428 | Open SSPComPort (COM3) failed
2025-12-22 06:51:14.505 | Open SSPComPort (COM3) failed
2025-12-22 06:51:15.407 | Enable vorgemerkt (wird nach Handshake ausgeführt)
2025-12-22 06:51:15.549 | Open SSPComPort (COM3) failed
2025-12-22 06:51:16.110 | REQ Level 1 ct [plain]
2025-12-22 06:51:16.117 | REQ Level 2 ct [plain]
2025-12-22 06:51:16.126 | REQ Level 5 ct [plain]
2025-12-22 06:51:16.135 | REQ Level 10 ct [plain]
2025-12-22 06:51:16.142 | REQ Level 20 ct [plain]
2025-12-22 06:51:16.149 | REQ Level 50 ct [plain]
2025-12-22 06:51:16.156 | REQ Level 100 ct [plain]
2025-12-22 06:51:16.164 | REQ Level 200 ct [plain]
2025-12-22 06:51:16.170 | Enable vorgemerkt (wird nach Handshake ausgeführt)
2025-12-22 06:51:16.633 | Open SSPComPort (COM3) failed
2025-12-22 06:51:17.662 | Open SSPComPort (COM3) failed
2025-12-22 06:51:18.694 | Open SSPComPort (COM3) failed
2025-12-22 06:51:19.722 | Open SSPComPort (COM3) failed
2025-12-22 06:51:20.750 | Open SSPComPort (COM3) failed
2025-12-22 06:51:21.777 | Open SSPComPort (COM3) failed
2025-12-22 06:51:22.807 | Open SSPComPort (COM3) failed
2025-12-22 06:51:23.834 | Open SSPComPort (COM3) failed
2025-12-22 06:51:24.866 | Open SSPComPort (COM3) failed
2025-12-22 06:51:25.892 | Open SSPComPort (COM3) failed
2025-12-22 06:51:26.916 | Open SSPComPort (COM3) failed
2025-12-22 06:51:27.946 | Open SSPComPort (COM3) failed
2025-12-22 06:51:28.977 | Open SSPComPort (COM3) failed
2025-12-22 06:51:30.006 | Open SSPComPort (COM3) failed
2025-12-22 06:51:31.036 | Open SSPComPort (COM3) failed
2025-12-22 06:51:32.069 | Open SSPComPort (COM3) failed
2025-12-22 06:51:33.102 | Open SSPComPort (COM3) failed
2025-12-22 06:51:34.132 | Open SSPComPort (COM3) failed
2025-12-22 06:51:35.159 | Open SSPComPort (COM3) failed
2025-12-22 06:51:36.179 | Open SSPComPort (COM3) failed
2025-12-22 06:51:37.205 | Open SSPComPort (COM3) failed
2025-12-22 06:51:38.223 | Open SSPComPort (COM3) failed
2025-12-22 06:51:39.248 | Open SSPComPort (COM3) failed
2025-12-22 06:51:40.274 | Open SSPComPort (COM3) failed
2025-12-22 06:51:41.301 | Open SSPComPort (COM3) failed
2025-12-22 06:51:42.330 | Open SSPComPort (COM3) failed
2025-12-22 06:51:43.360 | Open SSPComPort (COM3) failed
2025-12-22 06:51:44.381 | Open SSPComPort (COM3) failed
2025-12-22 06:51:45.401 | Open SSPComPort (COM3) failed
2025-12-22 06:51:46.424 | Open SSPComPort (COM3) failed
2025-12-22 06:51:47.449 | Open SSPComPort (COM3) failed
2025-12-22 06:51:48.475 | Open SSPComPort (COM3) failed
2025-12-22 06:51:49.506 | Open SSPComPort (COM3) failed
2025-12-22 06:51:50.534 | Open SSPComPort (COM3) failed
2025-12-22 06:51:51.562 | Open SSPComPort (COM3) failed
2025-12-22 06:51:52.592 | Open SSPComPort (COM3) failed
2025-12-22 06:51:52.951 | Disable vorgemerkt (wird nach Handshake ausgeführt)
2025-12-22 06:51:52.965 | Disable vorgemerkt (wird nach Handshake ausgeführt)
2025-12-22 06:51:52.976 | HardDisconnect init
2025-12-22 06:51:53.628 | Status: Getrennt
2025-12-22 06:51:53.640 | HardDisconnect done
2025-12-22 06:51:53.757 | Status: getrennt
2025-12-22 06:57:54.658 | Status: Verbinde...
2025-12-22 06:57:54.666 | Thread gestartet
2025-12-22 06:57:54.695 | Open SSPComPort (COM3) failed
2025-12-22 06:57:54.709 | Status: Port nicht verfügbar
2025-12-22 06:57:55.767 | Open SSPComPort (COM3) failed
2025-12-22 06:57:56.841 | Open SSPComPort (COM3) failed
2025-12-22 06:57:57.864 | Open SSPComPort (COM3) failed
2025-12-22 06:57:58.891 | Open SSPComPort (COM3) failed
2025-12-22 06:57:59.908 | Open SSPComPort (COM3) failed
2025-12-22 06:58:00.927 | Open SSPComPort (COM3) failed
2025-12-22 06:58:01.968 | Open SSPComPort (COM3) failed
2025-12-22 06:58:03.015 | Open SSPComPort (COM3) failed
2025-12-22 06:58:04.047 | Open SSPComPort (COM3) failed
2025-12-22 06:58:05.077 | Open SSPComPort (COM3) failed
2025-12-22 06:58:06.102 | Open SSPComPort (COM3) failed
2025-12-22 06:58:07.125 | Open SSPComPort (COM3) failed
2025-12-22 06:58:08.153 | Open SSPComPort (COM3) failed
2025-12-22 06:58:09.186 | Open SSPComPort (COM3) failed
2025-12-22 06:58:10.212 | Open SSPComPort (COM3) failed
2025-12-22 06:58:11.249 | Open SSPComPort (COM3) failed
2025-12-22 06:58:12.261 | Open SSPComPort (COM3) failed
2025-12-22 06:58:13.298 | Open SSPComPort (COM3) failed
2025-12-22 06:58:14.325 | Open SSPComPort (COM3) failed
2025-12-22 06:58:15.354 | Open SSPComPort (COM3) failed
2025-12-22 06:58:16.381 | Open SSPComPort (COM3) failed
2025-12-22 06:58:17.411 | Open SSPComPort (COM3) failed
2025-12-22 06:58:18.441 | Open SSPComPort (COM3) failed
2025-12-22 06:58:19.465 | Open SSPComPort (COM3) failed
2025-12-22 06:58:20.488 | Open SSPComPort (COM3) failed
2025-12-22 06:58:20.668 | Enable vorgemerkt (wird nach Handshake ausgeführt)
2025-12-22 06:58:21.420 | REQ Level 1 ct [plain]
2025-12-22 06:58:21.428 | REQ Level 2 ct [plain]
2025-12-22 06:58:21.437 | REQ Level 5 ct [plain]
2025-12-22 06:58:21.446 | REQ Level 10 ct [plain]
2025-12-22 06:58:21.454 | REQ Level 20 ct [plain]
2025-12-22 06:58:21.462 | REQ Level 50 ct [plain]
2025-12-22 06:58:21.471 | REQ Level 100 ct [plain]
2025-12-22 06:58:21.479 | REQ Level 200 ct [plain]
2025-12-22 06:58:21.487 | Enable vorgemerkt (wird nach Handshake ausgeführt)
2025-12-22 06:58:21.508 | Open SSPComPort (COM3) failed
2025-12-22 06:58:22.574 | Open SSPComPort (COM3) failed
2025-12-22 06:58:23.601 | Open SSPComPort (COM3) failed
2025-12-22 06:58:24.619 | Open SSPComPort (COM3) failed
2025-12-22 06:58:25.646 | Open SSPComPort (COM3) failed
2025-12-22 06:58:26.672 | Open SSPComPort (COM3) failed
2025-12-22 06:58:27.698 | Open SSPComPort (COM3) failed
2025-12-22 06:58:28.730 | Open SSPComPort (COM3) failed
2025-12-22 06:58:29.760 | Open SSPComPort (COM3) failed
2025-12-22 06:58:30.794 | Open SSPComPort (COM3) failed
2025-12-22 06:58:31.825 | Open SSPComPort (COM3) failed
2025-12-22 06:58:32.850 | Open SSPComPort (COM3) failed
2025-12-22 06:58:33.882 | Open SSPComPort (COM3) failed
2025-12-22 06:58:34.905 | Open SSPComPort (COM3) failed
2025-12-22 06:58:35.935 | Open SSPComPort (COM3) failed
2025-12-22 06:58:36.959 | Open SSPComPort (COM3) failed
2025-12-22 06:58:37.989 | Open SSPComPort (COM3) failed
2025-12-22 06:58:39.019 | Open SSPComPort (COM3) failed
2025-12-22 06:58:40.059 | Open SSPComPort (COM3) failed
2025-12-22 06:58:41.088 | Open SSPComPort (COM3) failed
2025-12-22 06:58:42.119 | Open SSPComPort (COM3) failed
2025-12-22 06:58:43.161 | Open SSPComPort (COM3) failed
2025-12-22 06:58:44.180 | Open SSPComPort (COM3) failed
2025-12-22 06:58:45.213 | Open SSPComPort (COM3) failed
2025-12-22 06:58:46.239 | Open SSPComPort (COM3) failed
2025-12-22 06:58:47.268 | Open SSPComPort (COM3) failed
2025-12-22 06:58:48.292 | Open SSPComPort (COM3) failed
2025-12-22 06:58:49.324 | Open SSPComPort (COM3) failed
2025-12-22 06:58:50.353 | Open SSPComPort (COM3) failed
2025-12-22 06:58:51.385 | Open SSPComPort (COM3) failed
2025-12-22 06:58:52.416 | Open SSPComPort (COM3) failed
2025-12-22 06:58:53.436 | Open SSPComPort (COM3) failed
2025-12-22 06:58:54.463 | Open SSPComPort (COM3) failed
2025-12-22 06:58:55.487 | Open SSPComPort (COM3) failed
2025-12-22 06:58:56.516 | Open SSPComPort (COM3) failed
2025-12-22 06:58:57.543 | Open SSPComPort (COM3) failed
2025-12-22 06:58:58.572 | Open SSPComPort (COM3) failed
2025-12-22 06:58:59.609 | Open SSPComPort (COM3) failed
2025-12-22 06:59:00.631 | Open SSPComPort (COM3) failed
2025-12-22 06:59:01.655 | Open SSPComPort (COM3) failed
2025-12-22 06:59:02.681 | Open SSPComPort (COM3) failed
2025-12-22 06:59:03.712 | Open SSPComPort (COM3) failed
2025-12-22 06:59:04.743 | Open SSPComPort (COM3) failed
2025-12-22 06:59:05.772 | Open SSPComPort (COM3) failed
2025-12-22 06:59:06.798 | Open SSPComPort (COM3) failed
2025-12-22 06:59:07.820 | Open SSPComPort (COM3) failed
2025-12-22 06:59:08.850 | Open SSPComPort (COM3) failed
2025-12-22 06:59:09.877 | Open SSPComPort (COM3) failed
2025-12-22 06:59:10.904 | Open SSPComPort (COM3) failed
2025-12-22 06:59:11.930 | Open SSPComPort (COM3) failed
2025-12-22 06:59:12.959 | Open SSPComPort (COM3) failed
2025-12-22 06:59:13.984 | Open SSPComPort (COM3) failed
2025-12-22 06:59:15.012 | Open SSPComPort (COM3) failed
2025-12-22 06:59:16.048 | Open SSPComPort (COM3) failed
2025-12-22 06:59:17.073 | Open SSPComPort (COM3) failed
2025-12-22 06:59:18.103 | Open SSPComPort (COM3) failed
2025-12-22 06:59:19.130 | Open SSPComPort (COM3) failed
2025-12-22 06:59:20.161 | Open SSPComPort (COM3) failed
2025-12-22 06:59:21.194 | Open SSPComPort (COM3) failed
2025-12-22 06:59:22.224 | Open SSPComPort (COM3) failed
2025-12-22 06:59:23.253 | Open SSPComPort (COM3) failed
2025-12-22 06:59:24.286 | Open SSPComPort (COM3) failed
2025-12-22 06:59:25.316 | Open SSPComPort (COM3) failed
2025-12-22 06:59:26.337 | Open SSPComPort (COM3) failed
2025-12-22 06:59:27.365 | Open SSPComPort (COM3) failed
2025-12-22 06:59:28.395 | Open SSPComPort (COM3) failed
2025-12-22 06:59:29.413 | Open SSPComPort (COM3) failed
2025-12-22 06:59:30.437 | Open SSPComPort (COM3) failed
2025-12-22 06:59:31.461 | Open SSPComPort (COM3) failed
2025-12-22 06:59:32.490 | Open SSPComPort (COM3) failed
2025-12-22 06:59:33.521 | Open SSPComPort (COM3) failed
2025-12-22 06:59:34.554 | Open SSPComPort (COM3) failed
2025-12-22 06:59:35.586 | Open SSPComPort (COM3) failed
2025-12-22 06:59:36.617 | Open SSPComPort (COM3) failed
2025-12-22 06:59:37.658 | Open SSPComPort (COM3) failed
2025-12-22 06:59:38.676 | Open SSPComPort (COM3) failed
2025-12-22 06:59:39.710 | Open SSPComPort (COM3) failed
2025-12-22 06:59:40.738 | Open SSPComPort (COM3) failed
2025-12-22 06:59:41.765 | Open SSPComPort (COM3) failed
2025-12-22 06:59:42.786 | Open SSPComPort (COM3) failed
2025-12-22 06:59:43.812 | Open SSPComPort (COM3) failed
2025-12-22 06:59:44.836 | Open SSPComPort (COM3) failed
2025-12-22 06:59:45.865 | Open SSPComPort (COM3) failed
2025-12-22 06:59:46.895 | Open SSPComPort (COM3) failed
2025-12-22 06:59:47.910 | Open SSPComPort (COM3) failed
2025-12-22 06:59:48.934 | Open SSPComPort (COM3) failed
2025-12-22 06:59:49.965 | Open SSPComPort (COM3) failed
2025-12-22 06:59:50.990 | Open SSPComPort (COM3) failed
2025-12-22 06:59:52.005 | Open SSPComPort (COM3) failed
2025-12-22 06:59:53.040 | Open SSPComPort (COM3) failed
2025-12-22 06:59:54.066 | Open SSPComPort (COM3) failed
2025-12-22 06:59:55.095 | Open SSPComPort (COM3) failed
2025-12-22 06:59:56.120 | Open SSPComPort (COM3) failed
2025-12-22 06:59:57.147 | Open SSPComPort (COM3) failed
2025-12-22 06:59:58.170 | Open SSPComPort (COM3) failed
2025-12-22 06:59:59.197 | Open SSPComPort (COM3) failed
2025-12-22 07:00:00.223 | Open SSPComPort (COM3) failed
2025-12-22 07:00:01.223 | Disable vorgemerkt (wird nach Handshake ausgeführt)
2025-12-22 07:00:01.237 | Disable vorgemerkt (wird nach Handshake ausgeführt)
2025-12-22 07:00:01.246 | HardDisconnect init
2025-12-22 07:00:01.250 | Open SSPComPort (COM3) failed
2025-12-22 07:00:01.278 | Status: Getrennt
2025-12-22 07:00:01.287 | HardDisconnect done
2025-12-22 07:00:01.403 | Status: getrennt
2025-12-22 07:08:00.018 | Status: Verbinde...
2025-12-22 07:08:00.076 | Open SSPComPort (COM3) failed
2025-12-22 07:08:00.078 | Thread gestartet
2025-12-22 07:08:00.082 | Status: Port nicht verfügbar
2025-12-22 07:08:01.184 | Open SSPComPort (COM3) failed
2025-12-22 07:08:02.211 | Open SSPComPort (COM3) failed
2025-12-22 07:08:03.244 | Open SSPComPort (COM3) failed
2025-12-22 07:08:04.079 | Enable vorgemerkt (wird nach Handshake ausgeführt)
2025-12-22 07:08:04.273 | Open SSPComPort (COM3) failed
2025-12-22 07:08:04.696 | REQ Level 1 ct [plain]
2025-12-22 07:08:04.703 | REQ Level 2 ct [plain]
2025-12-22 07:08:04.709 | REQ Level 5 ct [plain]
2025-12-22 07:08:04.716 | REQ Level 10 ct [plain]
2025-12-22 07:08:04.724 | REQ Level 20 ct [plain]
2025-12-22 07:08:04.730 | REQ Level 50 ct [plain]
2025-12-22 07:08:04.737 | REQ Level 100 ct [plain]
2025-12-22 07:08:04.745 | REQ Level 200 ct [plain]
2025-12-22 07:08:04.753 | Enable vorgemerkt (wird nach Handshake ausgeführt)
2025-12-22 07:08:05.300 | Open SSPComPort (COM3) failed
2025-12-22 07:08:06.327 | Open SSPComPort (COM3) failed
2025-12-22 07:08:07.351 | Open SSPComPort (COM3) failed
2025-12-22 07:08:08.378 | Open SSPComPort (COM3) failed
2025-12-22 07:08:09.408 | Open SSPComPort (COM3) failed
2025-12-22 07:08:10.432 | Open SSPComPort (COM3) failed
2025-12-22 07:08:11.460 | Open SSPComPort (COM3) failed
2025-12-22 07:08:12.487 | Open SSPComPort (COM3) failed
2025-12-22 07:08:13.514 | Open SSPComPort (COM3) failed
2025-12-22 07:08:14.547 | Open SSPComPort (COM3) failed
2025-12-22 07:08:15.566 | Open SSPComPort (COM3) failed
2025-12-22 07:08:16.597 | Open SSPComPort (COM3) failed
2025-12-22 07:08:17.623 | Open SSPComPort (COM3) failed
2025-12-22 07:08:18.650 | Open SSPComPort (COM3) failed
2025-12-22 07:08:19.675 | Open SSPComPort (COM3) failed
2025-12-22 07:08:20.706 | Open SSPComPort (COM3) failed
2025-12-22 07:08:21.725 | Open SSPComPort (COM3) failed
2025-12-22 07:08:22.751 | Open SSPComPort (COM3) failed
2025-12-22 07:08:23.781 | Open SSPComPort (COM3) failed
2025-12-22 07:08:24.804 | Open SSPComPort (COM3) failed
2025-12-22 07:08:25.833 | Open SSPComPort (COM3) failed
2025-12-22 07:08:26.863 | Open SSPComPort (COM3) failed
2025-12-22 07:08:27.896 | Open SSPComPort (COM3) failed
2025-12-22 07:08:28.923 | Open SSPComPort (COM3) failed
2025-12-22 07:08:29.947 | Open SSPComPort (COM3) failed
2025-12-22 07:08:30.975 | Open SSPComPort (COM3) failed
2025-12-22 07:08:32.003 | Open SSPComPort (COM3) failed
2025-12-22 07:08:33.034 | Open SSPComPort (COM3) failed
2025-12-22 07:08:34.058 | Open SSPComPort (COM3) failed
2025-12-22 07:08:35.081 | Open SSPComPort (COM3) failed
2025-12-22 07:08:36.110 | Open SSPComPort (COM3) failed
2025-12-22 07:08:37.133 | Open SSPComPort (COM3) failed
2025-12-22 07:08:38.155 | Open SSPComPort (COM3) failed
2025-12-22 07:08:39.186 | Open SSPComPort (COM3) failed
2025-12-22 07:08:40.210 | Open SSPComPort (COM3) failed
2025-12-22 07:08:41.235 | Open SSPComPort (COM3) failed
2025-12-22 07:08:42.266 | Open SSPComPort (COM3) failed
2025-12-22 07:08:43.297 | Open SSPComPort (COM3) failed
2025-12-22 07:08:44.330 | Open SSPComPort (COM3) failed
2025-12-22 07:08:45.352 | Open SSPComPort (COM3) failed
2025-12-22 07:08:46.368 | Open SSPComPort (COM3) failed
2025-12-22 07:08:47.397 | Open SSPComPort (COM3) failed
2025-12-22 07:08:48.419 | Open SSPComPort (COM3) failed
2025-12-22 07:08:49.447 | Open SSPComPort (COM3) failed
2025-12-22 07:08:49.901 | Disable vorgemerkt (wird nach Handshake ausgeführt)
2025-12-22 07:08:49.915 | Disable vorgemerkt (wird nach Handshake ausgeführt)
2025-12-22 07:08:49.927 | HardDisconnect init
2025-12-22 07:08:50.483 | Status: Getrennt
2025-12-22 07:08:50.496 | HardDisconnect done
2025-12-22 07:08:50.615 | Status: getrennt
